11:16:44 **** Build of configuration Debug for project 1236 ****
make all 
'Building file: ../src/fat/diskio.c'
'Invoking: MicroBlaze gcc compiler'
mb-gcc -Wall -O0 -g3 -c -fmessage-length=0 -MT"src/fat/diskio.o" -I../../1236_bsp/microblaze_1/include -mlittle-endian -mxl-barrel-shift -mxl-pattern-compare -mno-xl-soft-div -mcpu=v11.0 -mno-xl-soft-mul -mxl-multiply-high -mhard-float -mxl-float-convert -mxl-float-sqrt -Wl,--no-relax -ffunction-sections -fdata-sections -MMD -MP -MF"src/fat/diskio.d" -MT"src/fat/diskio.o" -o "src/fat/diskio.o" "../src/fat/diskio.c"
../src/fat/diskio.c: In function 'disk_read':
../src/fat/diskio.c:62:5: warning: implicit declaration of function 'io_read4'; did you mean 'io_read2'? [-Wimplicit-function-declaration]
  if(io_read4(NHC_NUM,0x1, buff,slba, (uint32_t)len, 0x0) != 0x2)
     ^~~~~~~~
     io_read2
../src/fat/diskio.c: In function 'disk_read1':
../src/fat/diskio.c:84:5: warning: implicit declaration of function 'io_read3'; did you mean 'io_read2'? [-Wimplicit-function-declaration]
  if(io_read3(NHC_NUM,0x1, buff,slba, (uint32_t)len, 0x0) != 0x2)
     ^~~~~~~~
     io_read2
../src/fat/diskio.c: In function 'disk_write':
../src/fat/diskio.c:125:28: warning: passing argument 3 of 'io_write2' makes integer from pointer without a cast [-Wint-conversion]
  if(io_write2(NHC_NUM,0x1, buff,sector*SECTORSIZE, (uint32_t)(count*SECTORSIZE), 0x0) != 0x2)//lyh
                            ^~~~
In file included from ../src/fat/diskio.c:12:
../src/fat/../nhc_amba.h:104:60: note: expected 'uint32_t' {aka 'long unsigned int'} but argument is of type 'const BYTE *' {aka 'const unsigned char *'}
 uint8_t io_write2(uint8_t nhc_num, uint32_t nsid, uint32_t addr, uint64_t slba, uint32_t len, uint32_t dsm);
                                                   ~~~~~~~~~^~~~
../src/fat/diskio.c: In function 'disk_write1':
../src/fat/diskio.c:140:28: warning: passing argument 3 of 'io_write2' makes integer from pointer without a cast [-Wint-conversion]
  if(io_write2(NHC_NUM,0x1, buff,sector*SECTORSIZE, (uint32_t)(count*SECTORSIZE), 0x0) != 0x2)//lyh
                            ^~~~
In file included from ../src/fat/diskio.c:12:
../src/fat/../nhc_amba.h:104:60: note: expected 'uint32_t' {aka 'long unsigned int'} but argument is of type 'const BYTE *' {aka 'const unsigned char *'}
 uint8_t io_write2(uint8_t nhc_num, uint32_t nsid, uint32_t addr, uint64_t slba, uint32_t len, uint32_t dsm);
                                                   ~~~~~~~~~^~~~
../src/fat/diskio.c: In function 'disk_ioctl':
../src/fat/diskio.c:160:6: warning: unused variable 'result' [-Wunused-variable]
  int result;
      ^~~~~~
../src/fat/diskio.c:159:10: warning: variable 'res' set but not used [-Wunused-but-set-variable]
  DRESULT res;
          ^~~
../src/fat/diskio.c:181:1: warning: control reaches end of non-void function [-Wreturn-type]
 }
 ^
'Finished building: ../src/fat/diskio.c'
' '
'Building file: ../src/fat/ff.c'
'Invoking: MicroBlaze gcc compiler'
mb-gcc -Wall -O0 -g3 -c -fmessage-length=0 -MT"src/fat/ff.o" -I../../1236_bsp/microblaze_1/include -mlittle-endian -mxl-barrel-shift -mxl-pattern-compare -mno-xl-soft-div -mcpu=v11.0 -mno-xl-soft-mul -mxl-multiply-high -mhard-float -mxl-float-convert -mxl-float-sqrt -Wl,--no-relax -ffunction-sections -fdata-sections -MMD -MP -MF"src/fat/ff.d" -MT"src/fat/ff.o" -o "src/fat/ff.o" "../src/fat/ff.c"
../src/fat/ff.c: In function 'move_window':
../src/fat/ff.c:1147:8: warning: implicit declaration of function 'disk_read2'; did you mean 'disk_read1'? [-Wimplicit-function-declaration]
    if (disk_read2(fs->pdrv, (BYTE *)(0xA0001000), sect, 1) != RES_OK) {
        ^~~~~~~~~~
        disk_read1
../src/fat/ff.c: In function 'f_mkfs':
../src/fat/ff.c:6347:3: warning: implicit declaration of function 'xil_printf'; did you mean 'f_printf'? [-Wimplicit-function-declaration]
   xil_printf("\n\n\n##############111 sz_blk=%lu##############\n\n\n",  sz_blk);
   ^~~~~~~~~~
   f_printf
../src/fat/ff.c:6377:14: warning: passing argument 2 of 'memcpy' makes pointer from integer without a cast [-Wint-conversion]
   memcpy(buf,0xA0001000,SECTORSIZE*1);
              ^~~~~~~~~~
In file included from ../src/fat/ff.c:22:
d:\xilinx\sdk\2019.1\gnu\microblaze\nt\microblaze-xilinx-elf\include\string.h:31:9: note: expected 'const void * restrict' but argument is of type 'unsigned int'
 void *  memcpy (void *__restrict, const void *__restrict, size_t);
         ^~~~~~
../src/fat/ff.c:6389:15: warning: passing argument 2 of 'memcpy' makes pointer from integer without a cast [-Wint-conversion]
    memcpy(buf,0xA0001000,SECTORSIZE*1);
               ^~~~~~~~~~
In file included from ../src/fat/ff.c:22:
d:\xilinx\sdk\2019.1\gnu\microblaze\nt\microblaze-xilinx-elf\include\string.h:31:9: note: expected 'const void * restrict' but argument is of type 'unsigned int'
 void *  memcpy (void *__restrict, const void *__restrict, size_t);
         ^~~~~~
../src/fat/ff.c:6839:15: warning: passing argument 2 of 'memcpy' makes pointer from integer without a cast [-Wint-conversion]
    memcpy(buf,0xA0001000,SECTORSIZE*1);
               ^~~~~~~~~~
In file included from ../src/fat/ff.c:22:
d:\xilinx\sdk\2019.1\gnu\microblaze\nt\microblaze-xilinx-elf\include\string.h:31:9: note: expected 'const void * restrict' but argument is of type 'unsigned int'
 void *  memcpy (void *__restrict, const void *__restrict, size_t);
         ^~~~~~
../src/fat/ff.c: In function 'my_fcopy':
../src/fat/ff.c:7579:13: warning: implicit declaration of function 'wjq_malloc_m'; did you mean '_malloc_r'? [-Wimplicit-function-declaration]
  fsrc=(FIL*)wjq_malloc_m(sizeof(FIL));//闂傚倸鍊搁崐鎼佸磹閹间礁纾归柣鎴ｅГ閸婂潡鏌ㄩ弴鐐诧拷褰掑磿閹寸姵鍠愰柣妤�鐗嗙粭鎺楁煕閵娿儱锟藉骞夐幖浣瑰亱闁割偅绻勯悷鏌ユ⒑缁嬫鍎涘ù婊庝邯瀵鈽夐姀鐘栥劍銇勯弮鍌氬付闁抽攱甯�?�鐑樻姜閹殿噮妲銈嗗灥濡繃淇婇悽绋跨妞ゆ牗姘ㄩ濠囨⒑閻熸壆鎽犵紒璇茬У缁傛帡鎳栭埡鍐紳婵炴挻鑹鹃敃銉э拷姘秺濮婃椽宕ㄦ繝鍌毿曢梺鍝ュУ椤ㄥ﹪骞冮敓鐘插嵆闁绘棁娅ｉ鏇㈡⒑閻熸壆鎽犵紒璇插�块幊婊呮喆閸曞灚顔旈梺缁樺姌閹活亪鎳撻崸妤佺厸鐎癸拷閿熶粙宕伴弽褜鍤曟い鎺戝鍥撮梺绯曞墲椤ㄥ繑�?�奸敓锟�?
             ^~~~~~~~~~~~
             _malloc_r
../src/fat/ff.c:7631:4: warning: implicit declaration of function 'wjq_free_m'; did you mean '_free_r'? [-Wimplicit-function-declaration]
    wjq_free_m(fsrc);
    ^~~~~~~~~~
    _free_r
../src/fat/ff.c: In function 'my_dcopy':
../src/fat/ff.c:7671:20: warning: assignment to 'u8 *' {aka 'unsigned char *'} from 'int' makes pointer from integer without a cast [-Wint-conversion]
         srcpathname=wjq_malloc_m((FF_LFN_BUF+1)*2);        // 闂傚倸鍊搁崐鎼佸磹閹间礁纾归柣鎴ｅГ閸婂潡鏌ㄩ弴鐐诧拷褰掑磿閹寸姵鍠愰柣妤�鐗嗙粭鎺楁煕閵娿儱锟藉骞夐幖浣瑰亱闁割偅绻勯悷鏌ユ⒑缁嬫鍎涘ù婊庝邯瀵鈽夐姀鐘栥劍銇勯弮鍌氬付闁抽攱甯�?�鐑樻姜閹殿噮妲銈嗗灥椤﹂潧顕ｆ繝姘╅柍鍝勫�告禍鐐烘⒑缁嬫寧婀扮紒瀣灴椤㈡棃鏁撻敓锟�? srcpathname闂傚倸鍊搁崐鎼佸磹閹间礁纾瑰�?�捣閻棗銆掑鐐�?濡ょ姷鍋涢ˇ鐢稿极閹剧粯鍋愰柤纰卞墻濡茬兘姊绘担鍛婃儓婵炲眰鍨藉畷褰掑捶椤撶姳绗夐梺缁橆焾椤曆呯不鐟欏嫮绠鹃柨婵嗛�?�婢ь喖鈹戦垾鑼煓闁哄本绋撻敓鏂ょ祷閸斿矂鏁撻懞銉х疄鐎殿喖顭锋俊鎼佸煛閸屾矮绨介梻浣侯焾閺堫剛绮欓幋锔绘晜闁跨噦鎷�
                    ^
../src/fat/ff.c:7672:20: warning: assignment to 'u8 *' {aka 'unsigned char *'} from 'int' makes pointer from integer without a cast [-Wint-conversion]
         dstpathname=wjq_malloc_m((FF_LFN_BUF+1)*2);        // 闂傚倸鍊搁崐鎼佸磹閹间礁纾归柣鎴ｅГ閸婂潡鏌ㄩ弴鐐诧拷褰掑磿閹寸姵鍠愰柣妤�鐗嗙粭鎺楁煕閵娿儱锟藉骞夐幖浣瑰亱闁割偅绻勯悷鏌ユ⒑缁嬫鍎涘ù婊庝邯瀵鈽夐姀鐘栥劍銇勯弮鍌氬付闁抽攱甯�?�鐑樻姜閹殿噮妲銈嗗灥椤﹂潧顕ｆ繝姘櫜濠㈣泛顑呴敓钘夘煼閺屾盯濡烽姀鈩冪彟闂佸摜鍠庨敓鏂ゆ嫹pathname闂傚倸鍊搁崐鎼佸磹閹间礁纾瑰�?�捣閻棗銆掑鐐�?濡ょ姷鍋涢ˇ鐢稿极閹剧粯鍋愰柤纰卞墻濡茬兘姊绘担鍛婃儓婵炲眰鍨藉畷褰掑捶椤撶姳绗夐梺缁橆焾椤曆呯不鐟欏嫮绠鹃柨婵嗛�?�婢ь喖鈹戦垾鑼煓闁哄本绋撻敓鏂ょ祷閸斿矂鏁撻懞銉х疄鐎殿喖顭锋俊鎼佸煛閸屾矮绨介梻浣侯焾閺堫剛绮欓幋锔绘晜闁跨噦鎷�
                    ^
../src/fat/ff.c:7684:34: warning: pointer targets in passing argument 1 of 'get_src_dname' differ in signedness [-Wpointer-sign]
                 fn=get_src_dname(psrc);
                                  ^~~~
../src/fat/ff.c:7638:5: note: expected 'BYTE *' {aka 'unsigned char *'} but argument is of type 'TCHAR *' {aka 'char *'}
 u8* get_src_dname(BYTE* dpfn)
     ^~~~~~~~~~~~~
../src/fat/ff.c:7709:55: warning: pointer targets in passing argument 1 of 'my_dcopy' differ in signedness [-Wpointer-sign]
                                 res=(FRESULT)my_dcopy(srcpathname,dstpathname,fwmode);         // 闂傚倸鍊搁崐鎼佸磹閹间礁纾瑰�?�捣閻棗霉閿濆牊顏犵紒锟芥繝鍌楁�?闁绘ê寮剁涵钘夘熆閼搁潧濮囩紒鐘差煼閹綊宕堕鍕暱闂佺濮ゅú妯兼崲濠靛顫呴柨婵嗘閵嗘劙姊哄ú璇插闁靛牊鎮傞獮鍡楃暆閸曨偄鑰垮┑掳鍊曢敃锕傚船閻㈠憡鈷戦柛蹇撳悑閸婃劖绻涙担鍐插閸欏繘鏌涢妷锝呭缂佽妫欓妵鍕箛閸撲胶肖闂佸吋婢樺锟犲蓟閿涘嫪娌柛鎾楀嫬鍨卞┑鐘殿暜缁辨洟宕楀锟介妴浣糕槈閵忊�筹拷鐑芥煙绾板崬寮块柟宄板槻椤撳ジ宕担鐟扮槣闂備線娼ч悧鍡椢涘Δ浣瑰弿閻忕偛褰炵换鍡樸亜閹扳晛鐏╂い蹇ｅ弮閺屽秹濡烽姘兼喘闂佸湱鎳撶�氱増淇婇幖浣规櫇闁跨喍绮欓、鎾斥槈閵忥紕鍘介梺缁樻煥閹芥粓骞婇崘顔藉�垫慨妯煎帶婢у瓨銇勯姀鈩冾棃闁轰焦鎹囬弫鎾绘晸閿燂�?
                                                       ^~~~~~~~~~~
../src/fat/ff.c:7653:9: note: expected 'TCHAR *' {aka 'char *'} but argument is of type 'u8 *' {aka 'unsigned char *'}
 FRESULT my_dcopy(TCHAR *psrc,TCHAR *pdst,u8 fwmode)
         ^~~~~~~~
../src/fat/ff.c:7709:67: warning: pointer targets in passing argument 2 of 'my_dcopy' differ in signedness [-Wpointer-sign]
                                 res=(FRESULT)my_dcopy(srcpathname,dstpathname,fwmode);         // 闂傚倸鍊搁崐鎼佸磹閹间礁纾瑰�?�捣閻棗霉閿濆牊顏犵紒锟芥繝鍌楁�?闁绘ê寮剁涵钘夘熆閼搁潧濮囩紒鐘差煼閹綊宕堕鍕暱闂佺濮ゅú妯兼崲濠靛顫呴柨婵嗘閵嗘劙姊哄ú璇插闁靛牊鎮傞獮鍡楃暆閸曨偄鑰垮┑掳鍊曢敃锕傚船閻㈠憡鈷戦柛蹇撳悑閸婃劖绻涙担鍐插閸欏繘鏌涢妷锝呭缂佽妫欓妵鍕箛閸撲胶肖闂佸吋婢樺锟犲蓟閿涘嫪娌柛鎾楀嫬鍨卞┑鐘殿暜缁辨洟宕楀锟介妴浣糕槈閵忊�筹拷鐑芥煙绾板崬寮块柟宄板槻椤撳ジ宕担鐟扮槣闂備線娼ч悧鍡椢涘Δ浣瑰弿閻忕偛褰炵换鍡樸亜閹扳晛鐏╂い蹇ｅ弮閺屽秹濡烽姘兼喘闂佸湱鎳撶�氱増淇婇幖浣规櫇闁跨喍绮欓、鎾斥槈閵忥紕鍘介梺缁樻煥閹芥粓骞婇崘顔藉�垫慨妯煎帶婢у瓨銇勯姀鈩冾棃闁轰焦鎹囬弫鎾绘晸閿燂�?
                                                                   ^~~~~~~~~~~
../src/fat/ff.c:7653:9: note: expected 'TCHAR *' {aka 'char *'} but argument is of type 'u8 *' {aka 'unsigned char *'}
 FRESULT my_dcopy(TCHAR *psrc,TCHAR *pdst,u8 fwmode)
         ^~~~~~~~
../src/fat/ff.c:7714:42: warning: pointer targets in passing argument 1 of 'my_fcopy' differ in signedness [-Wpointer-sign]
                                 my_fcopy(srcpathname,dstpathname,fwmode);         // 闂傚倸鍊搁崐鎼佸磹閹间礁纾瑰�?�捣閻棗霉閿濆牊顏犵紒锟芥繝鍌楁�?闁绘ê寮剁涵钘夘熆閼搁潧濮囩紒鐘差煼閹綊宕堕鍕暱闂佺濮ゅú妯兼崲濠靛顫呴柨婵嗘閵嗘劙姊哄ú璇插闁靛牊鎮傞獮鍡楃暆閸曨偄鑰垮┑掳鍊曢敃锕傚船閻㈠憡鈷戦柛蹇撳悑閸婃劖绻涙担鍐插閸欏繘鏌涢妷锝呭缂佽妫欓妵鍕箛閸撲胶肖闂佸吋婢樺锟犲蓟閿涘嫪娌柛鎾楀嫬鍨卞┑鐘殿暜缁辨洟宕楀锟介妴浣糕槈閵忊�筹拷鐑芥煙绾板崬寮块柟宄板槻椤撳ジ宕担鐟扮槣闂備線娼ч悧鍡椢涘Δ浣瑰弿閻忕偛褰炵换鍡樸亜閹扳晛鐏╂い蹇ｅ弮閺屽秹濡烽姘兼喘闂佸湱鎳撶�氱増淇婇幖浣规櫇闁跨喍绮欓、鎾斥槈閵忥紕鍘介梺缁樻煥閹芥粓骞婇崘顔藉�垫慨妯煎帶婢у瓨銇勯姀鈩冾棃闁轰焦鎹囬弫鎾绘晸閿燂�?
                                          ^~~~~~~~~~~
../src/fat/ff.c:7569:9: note: expected 'TCHAR *' {aka 'char *'} but argument is of type 'u8 *' {aka 'unsigned char *'}
 FRESULT my_fcopy(TCHAR *psrc,TCHAR *pdst,u8 fwmode)
         ^~~~~~~~
../src/fat/ff.c:7714:54: warning: pointer targets in passing argument 2 of 'my_fcopy' differ in signedness [-Wpointer-sign]
                                 my_fcopy(srcpathname,dstpathname,fwmode);         // 闂傚倸鍊搁崐鎼佸磹閹间礁纾瑰�?�捣閻棗霉閿濆牊顏犵紒锟芥繝鍌楁�?闁绘ê寮剁涵钘夘熆閼搁潧濮囩紒鐘差煼閹綊宕堕鍕暱闂佺濮ゅú妯兼崲濠靛顫呴柨婵嗘閵嗘劙姊哄ú璇插闁靛牊鎮傞獮鍡楃暆閸曨偄鑰垮┑掳鍊曢敃锕傚船閻㈠憡鈷戦柛蹇撳悑閸婃劖绻涙担鍐插閸欏繘鏌涢妷锝呭缂佽妫欓妵鍕箛閸撲胶肖闂佸吋婢樺锟犲蓟閿涘嫪娌柛鎾楀嫬鍨卞┑鐘殿暜缁辨洟宕楀锟介妴浣糕槈閵忊�筹拷鐑芥煙绾板崬寮块柟宄板槻椤撳ジ宕担鐟扮槣闂備線娼ч悧鍡椢涘Δ浣瑰弿閻忕偛褰炵换鍡樸亜閹扳晛鐏╂い蹇ｅ弮閺屽秹濡烽姘兼喘闂佸湱鎳撶�氱増淇婇幖浣规櫇闁跨喍绮欓、鎾斥槈閵忥紕鍘介梺缁樻煥閹芥粓骞婇崘顔藉�垫慨妯煎帶婢у瓨銇勯姀鈩冾棃闁轰焦鎹囬弫鎾绘晸閿燂�?
                                                      ^~~~~~~~~~~
../src/fat/ff.c:7569:9: note: expected 'TCHAR *' {aka 'char *'} but argument is of type 'u8 *' {aka 'unsigned char *'}
 FRESULT my_fcopy(TCHAR *psrc,TCHAR *pdst,u8 fwmode)
         ^~~~~~~~
../src/fat/ff.c: In function 'DestroyList':
../src/fat/ff.c:7790:3: warning: implicit declaration of function 'wjq_free_t'; did you mean '_free_r'? [-Wimplicit-function-declaration]
   wjq_free_t(curNode);
   ^~~~~~~~~~
   _free_r
../src/fat/ff.c: In function 'record_struct_of_Dir_and_File':
../src/fat/ff.c:7811:24: warning: pointer targets in passing argument 2 of 'f_opendir' differ in signedness [-Wpointer-sign]
  res = f_opendir(&dir, path);                       /* Open the directory */
                        ^~~~
../src/fat/ff.c:5007:9: note: expected 'const TCHAR *' {aka 'const char *'} but argument is of type 'BYTE *' {aka 'unsigned char *'}
 FRESULT f_opendir (
         ^~~~~~~~~
../src/fat/ff.c:7818:16: warning: pointer targets in passing argument 1 of 'strlen' differ in signedness [-Wpointer-sign]
     i = strlen(path);
                ^~~~
In file included from ../src/fat/ff.c:22:
d:\xilinx\sdk\2019.1\gnu\microblaze\nt\microblaze-xilinx-elf\include\string.h:41:9: note: expected 'const char *' but argument is of type 'BYTE *' {aka 'unsigned char *'}
 size_t  strlen (const char *);
         ^~~~~~
../src/fat/ff.c:7819:5: warning: implicit declaration of function 'sprintf' [-Wimplicit-function-declaration]
     sprintf(&path[i], "/%s", fno.fname);
     ^~~~~~~
../src/fat/ff.c:7819:5: warning: incompatible implicit declaration of built-in function 'sprintf'
../src/fat/ff.c:7819:5: note: include '<stdio.h>' or provide a declaration of 'sprintf'
../src/fat/ff.c:26:1:
+#include <stdio.h>
 #define MAX_PATHNAME_DEPTH  512+1 //
../src/fat/ff.c:7819:5:
     sprintf(&path[i], "/%s", fno.fname);
     ^~~~~~~
../src/fat/ff.c:7819:13: warning: pointer targets in passing argument 1 of 'sprintf' differ in signedness [-Wpointer-sign]
     sprintf(&path[i], "/%s", fno.fname);
             ^~~~~~~~
../src/fat/ff.c:7819:13: note: expected 'char *' but argument is of type 'BYTE *' {aka 'unsigned char *'}
../src/fat/ff.c:7823:18: warning: pointer targets in passing argument 1 of 'get_Dir_size' differ in signedness [-Wpointer-sign]
     get_Dir_size(path,&node.data.size);
                  ^~~~
In file included from ../src/fat/ff.c:23:
../src/fat/ff.h:367:9: note: expected 'TCHAR *' {aka 'char *'} but argument is of type 'BYTE *' {aka 'unsigned char *'}
 FRESULT get_Dir_size(TCHAR *path,uint64_t*size);                  /* ��ȡĿ¼�Ĵ�С */
         ^~~~~~~~~~~~
../src/fat/ff.c:7824:21: warning: passing argument 1 of 'strcpy' from incompatible pointer type [-Wincompatible-pointer-types]
     strcpy(node.data.name,path);
            ~~~~~~~~~^~~~~
In file included from ../src/fat/ff.c:22:
d:\xilinx\sdk\2019.1\gnu\microblaze\nt\microblaze-xilinx-elf\include\string.h:38:8: note: expected 'char * restrict' but argument is of type 'u16 *' {aka 'short unsigned int *'}
 char  *strcpy (char *__restrict, const char *__restrict);
        ^~~~~~
../src/fat/ff.c:7824:27: warning: pointer targets in passing argument 2 of 'strcpy' differ in signedness [-Wpointer-sign]
     strcpy(node.data.name,path);
                           ^~~~
In file included from ../src/fat/ff.c:22:
d:\xilinx\sdk\2019.1\gnu\microblaze\nt\microblaze-xilinx-elf\include\string.h:38:8: note: expected 'const char * restrict' but argument is of type 'BYTE *' {aka 'unsigned char *'}
 char  *strcpy (char *__restrict, const char *__restrict);
        ^~~~~~
../src/fat/ff.c:7837:5: warning: incompatible implicit declaration of built-in function 'sprintf'
     sprintf(filename,"%s/%s", path, fno.fname);
     ^~~~~~~
../src/fat/ff.c:7837:5: note: include '<stdio.h>' or provide a declaration of 'sprintf'
../src/fat/ff.c:7842:21: warning: passing argument 1 of 'strcpy' from incompatible pointer type [-Wincompatible-pointer-types]
     strcpy(node.data.name,filename);
            ~~~~~~~~~^~~~~
In file included from ../src/fat/ff.c:22:
d:\xilinx\sdk\2019.1\gnu\microblaze\nt\microblaze-xilinx-elf\include\string.h:38:8: note: expected 'char * restrict' but argument is of type 'u16 *' {aka 'short unsigned int *'}
 char  *strcpy (char *__restrict, const char *__restrict);
        ^~~~~~
../src/fat/ff.c: In function 'get_Dir_size':
../src/fat/ff.c:7926:5: warning: incompatible implicit declaration of built-in function 'sprintf'
     sprintf(&path[i], "/%s", fno1.fname);
     ^~~~~~~
../src/fat/ff.c:7926:5: note: include '<stdio.h>' or provide a declaration of 'sprintf'
../src/fat/ff.c:7935:5: warning: incompatible implicit declaration of built-in function 'sprintf'
     sprintf(filename,"%s/%s", path, fno1.fname);
     ^~~~~~~
../src/fat/ff.c:7935:5: note: include '<stdio.h>' or provide a declaration of 'sprintf'
../src/fat/ff.c: In function 'Num_of_Dir_and_File':
../src/fat/ff.c:7964:27: warning: pointer targets in passing argument 2 of 'f_opendir' differ in signedness [-Wpointer-sign]
     res = f_opendir(&dir, path);                       /* Open the directory */
                           ^~~~
../src/fat/ff.c:5007:9: note: expected 'const TCHAR *' {aka 'const char *'} but argument is of type 'BYTE *' {aka 'unsigned char *'}
 FRESULT f_opendir (
         ^~~~~~~~~
../src/fat/ff.c:7970:16: warning: pointer targets in passing argument 1 of 'strlen' differ in signedness [-Wpointer-sign]
     i = strlen(path);
                ^~~~
In file included from ../src/fat/ff.c:22:
d:\xilinx\sdk\2019.1\gnu\microblaze\nt\microblaze-xilinx-elf\include\string.h:41:9: note: expected 'const char *' but argument is of type 'BYTE *' {aka 'unsigned char *'}
 size_t  strlen (const char *);
         ^~~~~~
../src/fat/ff.c:7971:5: warning: incompatible implicit declaration of built-in function 'sprintf'
     sprintf(&path[i], "/%s", fno.fname);
     ^~~~~~~
../src/fat/ff.c:7971:5: note: include '<stdio.h>' or provide a declaration of 'sprintf'
../src/fat/ff.c:7971:13: warning: pointer targets in passing argument 1 of 'sprintf' differ in signedness [-Wpointer-sign]
     sprintf(&path[i], "/%s", fno.fname);
             ^~~~~~~~
../src/fat/ff.c:7971:13: note: expected 'char *' but argument is of type 'BYTE *' {aka 'unsigned char *'}
../src/fat/ff.c: In function 'get_path_dname':
../src/fat/ff.c:8006:8: warning: pointer targets in assignment from 'char *' to 'u8 *' {aka 'unsigned char *'} differ in signedness [-Wpointer-sign]
     des="";
        ^
../src/fat/ff.c: In function 'Storage_state1':
../src/fat/ff.c:8020:17: warning: passing argument 2 of 'f_getfree' from incompatible pointer type [-Wincompatible-pointer-types]
   f_getfree("", &free_clust, &fs);
                 ^~~~~~~~~~~
../src/fat/ff.c:5228:9: note: expected 'DWORD *' {aka 'long unsigned int *'} but argument is of type 'QWORD *' {aka 'long long unsigned int *'}
  DWORD* nclst,  /* Pointer to a variable to return number of free clusters */
  ~~~~~~~^~~~~
../src/fat/ff.c:8034:28: warning: pointer targets in passing argument 1 of 'Num_of_Dir_and_File' differ in signedness [-Wpointer-sign]
   res=Num_of_Dir_and_File ("",&file_num,&dir_num,0);
                            ^~
../src/fat/ff.c:7957:9: note: expected 'BYTE *' {aka 'unsigned char *'} but argument is of type 'char *'
 FRESULT Num_of_Dir_and_File (BYTE *path,DWORD *file_num,DWORD *dir_num,uint8_t mode)
         ^~~~~~~~~~~~~~~~~~~
../src/fat/ff.c:8034:31: warning: passing argument 2 of 'Num_of_Dir_and_File' from incompatible pointer type [-Wincompatible-pointer-types]
   res=Num_of_Dir_and_File ("",&file_num,&dir_num,0);
                               ^~~~~~~~~
../src/fat/ff.c:7957:48: note: expected 'DWORD *' {aka 'long unsigned int *'} but argument is of type 'int *'
 FRESULT Num_of_Dir_and_File (BYTE *path,DWORD *file_num,DWORD *dir_num,uint8_t mode)
                                         ~~~~~~~^~~~~~~~
../src/fat/ff.c:8034:41: warning: passing argument 3 of 'Num_of_Dir_and_File' from incompatible pointer type [-Wincompatible-pointer-types]
   res=Num_of_Dir_and_File ("",&file_num,&dir_num,0);
                                         ^~~~~~~~
../src/fat/ff.c:7957:64: note: expected 'DWORD *' {aka 'long unsigned int *'} but argument is of type 'int *'
 FRESULT Num_of_Dir_and_File (BYTE *path,DWORD *file_num,DWORD *dir_num,uint8_t mode)
                                                         ~~~~~~~^~~~~~~
../src/fat/ff.c: In function 'Storage_state2':
../src/fat/ff.c:8051:10: warning: unused variable 'Fs' [-Wunused-variable]
   FATFS *Fs=&fs;
          ^~
../src/fat/ff.c: In function 'record_struct_of_Dir_and_File':
../src/fat/ff.c:7837:26: warning: '%s' directive writing up to 255 bytes into a region of size 99 [-Wformat-overflow=]
     sprintf(filename,"%s/%s", path, fno.fname);
                          ^~         ~~~~~~~~~
../src/fat/ff.c:7837:5: note: 'sprintf' output 2 or more bytes (assuming 257) into a destination of size 100
     sprintf(filename,"%s/%s", path, fno.fname);
     ^~~~~~~~~~~~~~~~~~~~~~~~~~~~~~~~~~~~~~~~~~
../src/fat/ff.c: In function 'get_Dir_size':
../src/fat/ff.c:7935:26: warning: '%s' directive writing up to 255 bytes into a region of size 99 [-Wformat-overflow=]
     sprintf(filename,"%s/%s", path, fno1.fname);
                          ^~         ~~~~~~~~~~
../src/fat/ff.c:7935:5: note: 'sprintf' output 2 or more bytes (assuming 257) into a destination of size 100
     sprintf(filename,"%s/%s", path, fno1.fname);
     ^~~~~~~~~~~~~~~~~~~~~~~~~~~~~~~~~~~~~~~~~~~
'Finished building: ../src/fat/ff.c'
' '
'Building file: ../src/fat/ffsystem.c'
'Invoking: MicroBlaze gcc compiler'
mb-gcc -Wall -O0 -g3 -c -fmessage-length=0 -MT"src/fat/ffsystem.o" -I../../1236_bsp/microblaze_1/include -mlittle-endian -mxl-barrel-shift -mxl-pattern-compare -mno-xl-soft-div -mcpu=v11.0 -mno-xl-soft-mul -mxl-multiply-high -mhard-float -mxl-float-convert -mxl-float-sqrt -Wl,--no-relax -ffunction-sections -fdata-sections -MMD -MP -MF"src/fat/ffsystem.d" -MT"src/fat/ffsystem.o" -o "src/fat/ffsystem.o" "../src/fat/ffsystem.c"
'Finished building: ../src/fat/ffsystem.c'
' '
'Building file: ../src/fat/ffunicode.c'
'Invoking: MicroBlaze gcc compiler'
mb-gcc -Wall -O0 -g3 -c -fmessage-length=0 -MT"src/fat/ffunicode.o" -I../../1236_bsp/microblaze_1/include -mlittle-endian -mxl-barrel-shift -mxl-pattern-compare -mno-xl-soft-div -mcpu=v11.0 -mno-xl-soft-mul -mxl-multiply-high -mhard-float -mxl-float-convert -mxl-float-sqrt -Wl,--no-relax -ffunction-sections -fdata-sections -MMD -MP -MF"src/fat/ffunicode.d" -MT"src/fat/ffunicode.o" -o "src/fat/ffunicode.o" "../src/fat/ffunicode.c"
'Finished building: ../src/fat/ffunicode.c'
' '
'Building file: ../src/FIFO.c'
'Invoking: MicroBlaze gcc compiler'
mb-gcc -Wall -O0 -g3 -c -fmessage-length=0 -MT"src/FIFO.o" -I../../1236_bsp/microblaze_1/include -mlittle-endian -mxl-barrel-shift -mxl-pattern-compare -mno-xl-soft-div -mcpu=v11.0 -mno-xl-soft-mul -mxl-multiply-high -mhard-float -mxl-float-convert -mxl-float-sqrt -Wl,--no-relax -ffunction-sections -fdata-sections -MMD -MP -MF"src/FIFO.d" -MT"src/FIFO.o" -o "src/FIFO.o" "../src/FIFO.c"
In file included from ../src/alloc.h:4,
                 from ../src/FIFO.c:22:
../../1236_bsp/microblaze_1/include/xbasic_types.h:120:2: warning: #warning The xbasics_type.h file is deprecated and users should use xil_types.h and xil_assert. [-Wcpp]
 #warning  The xbasics_type.h file is deprecated and users should use xil_types.h and xil_assert.
  ^~~~~~~
../../1236_bsp/microblaze_1/include/xbasic_types.h:121:2: warning: #warning Please refer the Standalone BSP UG647 for further details [-Wcpp]
 #warning  Please refer the Standalone BSP UG647 for further details
  ^~~~~~~
'Finished building: ../src/FIFO.c'
' '
'Building file: ../src/alloc.c'
'Invoking: MicroBlaze gcc compiler'
mb-gcc -Wall -O0 -g3 -c -fmessage-length=0 -MT"src/alloc.o" -I../../1236_bsp/microblaze_1/include -mlittle-endian -mxl-barrel-shift -mxl-pattern-compare -mno-xl-soft-div -mcpu=v11.0 -mno-xl-soft-mul -mxl-multiply-high -mhard-float -mxl-float-convert -mxl-float-sqrt -Wl,--no-relax -ffunction-sections -fdata-sections -MMD -MP -MF"src/alloc.d" -MT"src/alloc.o" -o "src/alloc.o" "../src/alloc.c"
In file included from ../src/alloc.h:4,
                 from ../src/alloc.c:10:
../../1236_bsp/microblaze_1/include/xbasic_types.h:120:2: warning: #warning The xbasics_type.h file is deprecated and users should use xil_types.h and xil_assert. [-Wcpp]
 #warning  The xbasics_type.h file is deprecated and users should use xil_types.h and xil_assert.
  ^~~~~~~
../../1236_bsp/microblaze_1/include/xbasic_types.h:121:2: warning: #warning Please refer the Standalone BSP UG647 for further details [-Wcpp]
 #warning  Please refer the Standalone BSP UG647 for further details
  ^~~~~~~
../src/alloc.c: In function 'wjq_malloc_t':
../src/alloc.c:240:5: warning: implicit declaration of function 'xil_printf' [-Wimplicit-function-declaration]
     xil_printf("wujique malloc err!!\r\n");
     ^~~~~~~~~~
../src/alloc.c: In function 'wjq_calloc':
../src/alloc.c:281:3: warning: implicit declaration of function 'memset' [-Wimplicit-function-declaration]
   memset((char*) p, 0, n*size);
   ^~~~~~
../src/alloc.c:281:3: warning: incompatible implicit declaration of built-in function 'memset'
../src/alloc.c:281:3: note: include '<string.h>' or provide a declaration of 'memset'
../src/alloc.c:11:1:
+#include <string.h>
 /*
../src/alloc.c:281:3:
   memset((char*) p, 0, n*size);
   ^~~~~~
../src/alloc.c: In function 'wjq_realloc':
../src/alloc.c:325:2: warning: implicit declaration of function 'memcpy' [-Wimplicit-function-declaration]
  memcpy(bp, ap, newsize);
  ^~~~~~
../src/alloc.c:325:2: warning: incompatible implicit declaration of built-in function 'memcpy'
../src/alloc.c:325:2: note: include '<string.h>' or provide a declaration of 'memcpy'
../src/alloc.c:291:11: warning: unused variable 'aunits' [-Wunused-variable]
  unsigned aunits;
           ^~~~~~
../src/alloc.c:288:21: warning: unused variable 'np' [-Wunused-variable]
  ALLOC_HDR*bp, *p, *np;
                     ^~
../src/alloc.c:288:17: warning: unused variable 'p' [-Wunused-variable]
  ALLOC_HDR*bp, *p, *np;
                 ^
../src/alloc.c: In function 'wjq_malloc_test':
../src/alloc.c:394:2: warning: incompatible implicit declaration of built-in function 'memset'
  memset(p, 0xf0, 1024);
  ^~~~~~
../src/alloc.c:394:2: note: include '<string.h>' or provide a declaration of 'memset'
'Finished building: ../src/alloc.c'
' '
'Building file: ../src/cmd.c'
'Invoking: MicroBlaze gcc compiler'
mb-gcc -Wall -O0 -g3 -c -fmessage-length=0 -MT"src/cmd.o" -I../../1236_bsp/microblaze_1/include -mlittle-endian -mxl-barrel-shift -mxl-pattern-compare -mno-xl-soft-div -mcpu=v11.0 -mno-xl-soft-mul -mxl-multiply-high -mhard-float -mxl-float-convert -mxl-float-sqrt -Wl,--no-relax -ffunction-sections -fdata-sections -MMD -MP -MF"src/cmd.d" -MT"src/cmd.o" -o "src/cmd.o" "../src/cmd.c"
In file included from ../src/cmd.h:4,
                 from ../src/cmd.c:1:
../../1236_bsp/microblaze_1/include/xbasic_types.h:120:2: warning: #warning The xbasics_type.h file is deprecated and users should use xil_types.h and xil_assert. [-Wcpp]
 #warning  The xbasics_type.h file is deprecated and users should use xil_types.h and xil_assert.
  ^~~~~~~
../../1236_bsp/microblaze_1/include/xbasic_types.h:121:2: warning: #warning Please refer the Standalone BSP UG647 for further details [-Wcpp]
 #warning  Please refer the Standalone BSP UG647 for further details
  ^~~~~~~
In file included from ../src/cmd.c:1:
../src/cmd.h:228:1: warning: multi-line comment [-Wcomment]
 //#define SW16(x) ((uint16_t)((((uint16_t)(x)&0x00ffU)<<8) | \
 ^
../src/cmd.c: In function 'SendMessage':
../src/cmd.c:108:3: warning: this 'if' clause does not guard... [-Wmisleading-indentation]
   if((MsgQuery.Start>=MSG_QUERY)||(MsgQuery.End>=MSG_QUERY))
   ^~
../src/cmd.c:110:4: note: ...this statement, but the latter is misleadingly indented as if it were guarded by the 'if'
    if((MsgQuery.Start==(MsgQuery.End-1))||
    ^~
../src/cmd.c: In function 'cmd_parse':
../src/cmd.c:174:3: warning: implicit declaration of function 'cmd_type_id_parse'; did you mean 'cmd_parse'? [-Wimplicit-function-declaration]
   cmd_type_id_parse(&TMsg);
   ^~~~~~~~~~~~~~~~~
   cmd_parse
../src/cmd.c:144:7: warning: unused variable 'rev' [-Wunused-variable]
   int rev=CW32(CmdRxBufferPtr[i+0],CmdRxBufferPtr[i+1],CmdRxBufferPtr[i+2],CmdRxBufferPtr[i+3]);
       ^~~
../src/cmd.c:140:12: warning: unused variable 'a' [-Wunused-variable]
   uint32_t a;
            ^
../src/cmd.c: At top level:
../src/cmd.c:177:6: warning: conflicting types for 'cmd_type_id_parse'
 void cmd_type_id_parse(StructMsg *pMsg)
      ^~~~~~~~~~~~~~~~~
../src/cmd.c:174:3: note: previous implicit declaration of 'cmd_type_id_parse' was here
   cmd_type_id_parse(&TMsg);
   ^~~~~~~~~~~~~~~~~
../src/cmd.c: In function 'cmd_type_id_parse':
../src/cmd.c:224:15: warning: 'return' with a value, in function returning void
        return 0;
               ^
../src/cmd.c:177:6: note: declared here
 void cmd_type_id_parse(StructMsg *pMsg)
      ^~~~~~~~~~~~~~~~~
../src/cmd.c:309:15: warning: 'return' with a value, in function returning void
        return 0;
               ^
../src/cmd.c:177:6: note: declared here
 void cmd_type_id_parse(StructMsg *pMsg)
      ^~~~~~~~~~~~~~~~~
../src/cmd.c:321:13: warning: 'return' with a value, in function returning void
      return 0;
             ^
../src/cmd.c:177:6: note: declared here
 void cmd_type_id_parse(StructMsg *pMsg)
      ^~~~~~~~~~~~~~~~~
../src/cmd.c: In function 'delete_dir':
../src/cmd.c:377:27: warning: pointer targets in passing argument 2 of 'f_opendir' differ in signedness [-Wpointer-sign]
     res = f_opendir(&dir, path);                       /* Open the directory */
                           ^~~~
In file included from ../src/cmd.h:8,
                 from ../src/cmd.c:1:
../src/fat/ff.h:315:9: note: expected 'const TCHAR *' {aka 'const char *'} but argument is of type 'BYTE *' {aka 'unsigned char *'}
 FRESULT f_opendir (DIR* dp, const TCHAR* path);      /* Open a directory */
         ^~~~~~~~~
../src/cmd.c:388:34: warning: pointer targets in passing argument 1 of 'f_unlink' differ in signedness [-Wpointer-sign]
                  res = f_unlink (path);    // delete the empty directory
                                  ^~~~
In file included from ../src/cmd.h:8,
                 from ../src/cmd.c:1:
../src/fat/ff.h:321:9: note: expected 'const TCHAR *' {aka 'const char *'} but argument is of type 'BYTE *' {aka 'unsigned char *'}
 FRESULT f_unlink (const TCHAR* path);        /* Delete an existing file or directory */
         ^~~~~~~~
../src/cmd.c:399:17: warning: pointer targets in passing argument 1 of 'strlen' differ in signedness [-Wpointer-sign]
      i = strlen(path);
                 ^~~~
In file included from ../src/FIFO.h:40,
                 from ../src/cmd.h:13,
                 from ../src/cmd.c:1:
d:\xilinx\sdk\2019.1\gnu\microblaze\nt\microblaze-xilinx-elf\include\string.h:41:9: note: expected 'const char *' but argument is of type 'BYTE *' {aka 'unsigned char *'}
 size_t  strlen (const char *);
         ^~~~~~
../src/cmd.c:400:14: warning: pointer targets in passing argument 1 of 'sprintf' differ in signedness [-Wpointer-sign]
      sprintf(&path[i], "/%s", fno.fname);
              ^~~~~~~~
In file included from ../src/cmd.h:6,
                 from ../src/cmd.c:1:
d:\xilinx\sdk\2019.1\gnu\microblaze\nt\microblaze-xilinx-elf\include\stdio.h:244:5: note: expected 'char * restrict' but argument is of type 'BYTE *' {aka 'unsigned char *'}
 int sprintf (char *__restrict, const char *__restrict, ...)
     ^~~~~~~
../src/cmd.c:408:14: warning: pointer targets in passing argument 1 of 'sprintf' differ in signedness [-Wpointer-sign]
      sprintf(FilePath,"%s/%s",path, fno.fname);
              ^~~~~~~~
In file included from ../src/cmd.h:6,
                 from ../src/cmd.c:1:
d:\xilinx\sdk\2019.1\gnu\microblaze\nt\microblaze-xilinx-elf\include\stdio.h:244:5: note: expected 'char * restrict' but argument is of type 'BYTE *' {aka 'unsigned char *'}
 int sprintf (char *__restrict, const char *__restrict, ...)
     ^~~~~~~
../src/cmd.c:409:18: warning: pointer targets in passing argument 1 of 'f_unlink' differ in signedness [-Wpointer-sign]
      if(f_unlink(FilePath) == FR_OK)
                  ^~~~~~~~
In file included from ../src/cmd.h:8,
                 from ../src/cmd.c:1:
../src/fat/ff.h:321:9: note: expected 'const TCHAR *' {aka 'const char *'} but argument is of type 'BYTE *' {aka 'unsigned char *'}
 FRESULT f_unlink (const TCHAR* path);        /* Delete an existing file or directory */
         ^~~~~~~~
../src/cmd.c: In function 'run_cmd_a201':
../src/cmd.c:433:22: warning: initialization of 'uint32_t' {aka 'long unsigned int'} from 'void *' makes integer from pointer without a cast [-Wint-conversion]
  uint32_t  databuf = (void *)(0xA0000000);
                      ^
../src/cmd.c:442:32: warning: operation on 'i' may be undefined [-Wsequence-point]
    unicode_u16=(pMsg->MsgData[i++]|pMsg->MsgData[i++]<<8);
                               ~^~
../src/cmd.c:459:25: warning: pointer targets in passing argument 2 of 'f_open' differ in signedness [-Wpointer-sign]
    ret = f_open (&file, cmd_str_11, FA_CREATE_ALWAYS | FA_WRITE);
                         ^~~~~~~~~~
In file included from ../src/cmd.h:8,
                 from ../src/cmd.c:1:
../src/fat/ff.h:306:9: note: expected 'const TCHAR *' {aka 'const char *'} but argument is of type 'BYTE *' {aka 'unsigned char *'}
 FRESULT f_open (FIL* fp, const TCHAR* path, BYTE mode);    /* Open or create a file */
         ^~~~~~
../src/cmd.c:478:17: warning: pointer targets in passing argument 1 of 'f_mkdir' differ in signedness [-Wpointer-sign]
    ret =f_mkdir(cmd_str_11);
                 ^~~~~~~~~~
In file included from ../src/cmd.h:8,
                 from ../src/cmd.c:1:
../src/fat/ff.h:320:9: note: expected 'const TCHAR *' {aka 'const char *'} but argument is of type 'BYTE *' {aka 'unsigned char *'}
 FRESULT f_mkdir (const TCHAR* path);        /* Create a sub directory */
         ^~~~~~~
../src/cmd.c:493:17: warning: pointer targets in passing argument 1 of 'f_stat' differ in signedness [-Wpointer-sign]
    fr1 = f_stat(cmd_str_11, &fno1);    //lyh 9.4��
                 ^~~~~~~~~~
In file included from ../src/cmd.h:8,
                 from ../src/cmd.c:1:
../src/fat/ff.h:323:9: note: expected 'const TCHAR *' {aka 'const char *'} but argument is of type 'BYTE *' {aka 'unsigned char *'}
 FRESULT f_stat (const TCHAR* path, FILINFO* fno);     /* Get file status */
         ^~~~~~
../src/cmd.c:501:21: warning: pointer targets in passing argument 1 of 'f_unlink' differ in signedness [-Wpointer-sign]
     ret = f_unlink (cmd_str_11); // LYH 2023.9.4
                     ^~~~~~~~~~
In file included from ../src/cmd.h:8,
                 from ../src/cmd.c:1:
../src/fat/ff.h:321:9: note: expected 'const TCHAR *' {aka 'const char *'} but argument is of type 'BYTE *' {aka 'unsigned char *'}
 FRESULT f_unlink (const TCHAR* path);        /* Delete an existing file or directory */
         ^~~~~~~~
../src/cmd.c:538:33: warning: operation on 'i' may be undefined [-Wsequence-point]
     unicode_u16=(pMsg->MsgData[i++]|pMsg->MsgData[i++]<<8);
                                ~^~
../src/cmd.c:553:20: warning: pointer targets in passing argument 1 of 'f_rename' differ in signedness [-Wpointer-sign]
    ret = f_rename (cmd_str_11, cmd_str_21);
                    ^~~~~~~~~~
In file included from ../src/cmd.h:8,
                 from ../src/cmd.c:1:
../src/fat/ff.h:322:9: note: expected 'const TCHAR *' {aka 'const char *'} but argument is of type 'BYTE *' {aka 'unsigned char *'}
 FRESULT f_rename (const TCHAR* path_old, const TCHAR* path_new); /* Rename/Move a file or directory */
         ^~~~~~~~
../src/cmd.c:553:32: warning: pointer targets in passing argument 2 of 'f_rename' differ in signedness [-Wpointer-sign]
    ret = f_rename (cmd_str_11, cmd_str_21);
                                ^~~~~~~~~~
In file included from ../src/cmd.h:8,
                 from ../src/cmd.c:1:
../src/fat/ff.h:322:9: note: expected 'const TCHAR *' {aka 'const char *'} but argument is of type 'BYTE *' {aka 'unsigned char *'}
 FRESULT f_rename (const TCHAR* path_old, const TCHAR* path_new); /* Rename/Move a file or directory */
         ^~~~~~~~
../src/cmd.c:568:33: warning: operation on 'i' may be undefined [-Wsequence-point]
     unicode_u16=(pMsg->MsgData[i++]|pMsg->MsgData[i++]<<8);
                                ~^~
../src/cmd.c:582:20: warning: pointer targets in passing argument 1 of 'f_rename' differ in signedness [-Wpointer-sign]
    ret = f_rename (cmd_str_11, cmd_str_21);
                    ^~~~~~~~~~
In file included from ../src/cmd.h:8,
                 from ../src/cmd.c:1:
../src/fat/ff.h:322:9: note: expected 'const TCHAR *' {aka 'const char *'} but argument is of type 'BYTE *' {aka 'unsigned char *'}
 FRESULT f_rename (const TCHAR* path_old, const TCHAR* path_new); /* Rename/Move a file or directory */
         ^~~~~~~~
../src/cmd.c:582:32: warning: pointer targets in passing argument 2 of 'f_rename' differ in signedness [-Wpointer-sign]
    ret = f_rename (cmd_str_11, cmd_str_21);
                                ^~~~~~~~~~
In file included from ../src/cmd.h:8,
                 from ../src/cmd.c:1:
../src/fat/ff.h:322:9: note: expected 'const TCHAR *' {aka 'const char *'} but argument is of type 'BYTE *' {aka 'unsigned char *'}
 FRESULT f_rename (const TCHAR* path_old, const TCHAR* path_new); /* Rename/Move a file or directory */
         ^~~~~~~~
../src/cmd.c:598:33: warning: operation on 'i' may be undefined [-Wsequence-point]
     unicode_u16=(pMsg->MsgData[i++]|pMsg->MsgData[i++]<<8);
                                ~^~
../src/cmd.c:613:19: warning: pointer targets in passing argument 1 of 'f_rename' differ in signedness [-Wpointer-sign]
    ret = f_rename(cmd_str_11, cmd_str_21);
                   ^~~~~~~~~~
In file included from ../src/cmd.h:8,
                 from ../src/cmd.c:1:
../src/fat/ff.h:322:9: note: expected 'const TCHAR *' {aka 'const char *'} but argument is of type 'BYTE *' {aka 'unsigned char *'}
 FRESULT f_rename (const TCHAR* path_old, const TCHAR* path_new); /* Rename/Move a file or directory */
         ^~~~~~~~
../src/cmd.c:613:31: warning: pointer targets in passing argument 2 of 'f_rename' differ in signedness [-Wpointer-sign]
    ret = f_rename(cmd_str_11, cmd_str_21);
                               ^~~~~~~~~~
In file included from ../src/cmd.h:8,
                 from ../src/cmd.c:1:
../src/fat/ff.h:322:9: note: expected 'const TCHAR *' {aka 'const char *'} but argument is of type 'BYTE *' {aka 'unsigned char *'}
 FRESULT f_rename (const TCHAR* path_old, const TCHAR* path_new); /* Rename/Move a file or directory */
         ^~~~~~~~
../src/cmd.c:628:33: warning: operation on 'i' may be undefined [-Wsequence-point]
     unicode_u16=(pMsg->MsgData[i++]|pMsg->MsgData[i++]<<8);
                                ~^~
../src/cmd.c:643:19: warning: pointer targets in passing argument 1 of 'f_rename' differ in signedness [-Wpointer-sign]
    ret = f_rename(cmd_str_11, cmd_str_21);
                   ^~~~~~~~~~
In file included from ../src/cmd.h:8,
                 from ../src/cmd.c:1:
../src/fat/ff.h:322:9: note: expected 'const TCHAR *' {aka 'const char *'} but argument is of type 'BYTE *' {aka 'unsigned char *'}
 FRESULT f_rename (const TCHAR* path_old, const TCHAR* path_new); /* Rename/Move a file or directory */
         ^~~~~~~~
../src/cmd.c:643:31: warning: pointer targets in passing argument 2 of 'f_rename' differ in signedness [-Wpointer-sign]
    ret = f_rename(cmd_str_11, cmd_str_21);
                               ^~~~~~~~~~
In file included from ../src/cmd.h:8,
                 from ../src/cmd.c:1:
../src/fat/ff.h:322:9: note: expected 'const TCHAR *' {aka 'const char *'} but argument is of type 'BYTE *' {aka 'unsigned char *'}
 FRESULT f_rename (const TCHAR* path_old, const TCHAR* path_new); /* Rename/Move a file or directory */
         ^~~~~~~~
../src/cmd.c:654:25: warning: pointer targets in passing argument 2 of 'f_open' differ in signedness [-Wpointer-sign]
    ret = f_open (&file, cmd_str_11, FA_OPEN_EXISTING| FA_WRITE|FA_READ);
                         ^~~~~~~~~~
In file included from ../src/cmd.h:8,
                 from ../src/cmd.c:1:
../src/fat/ff.h:306:9: note: expected 'const TCHAR *' {aka 'const char *'} but argument is of type 'BYTE *' {aka 'unsigned char *'}
 FRESULT f_open (FIL* fp, const TCHAR* path, BYTE mode);    /* Open or create a file */
         ^~~~~~
../src/cmd.c:679:35: warning: operation on 'i' may be undefined [-Wsequence-point]
       unicode_u16=(pMsg->MsgData[i++]|pMsg->MsgData[i++]<<8);
                                  ~^~
../src/cmd.c:694:19: warning: pointer targets in passing argument 1 of 'my_fcopy' differ in signedness [-Wpointer-sign]
    ret =my_fcopy (cmd_str_11,cmd_str_21,0);
                   ^~~~~~~~~~
In file included from ../src/cmd.h:8,
                 from ../src/cmd.c:1:
../src/fat/ff.h:359:9: note: expected 'TCHAR *' {aka 'char *'} but argument is of type 'BYTE *' {aka 'unsigned char *'}
 FRESULT my_fcopy (TCHAR *psrc,TCHAR *pdst,u8 fwmode);            /* copy file */
         ^~~~~~~~
../src/cmd.c:694:30: warning: pointer targets in passing argument 2 of 'my_fcopy' differ in signedness [-Wpointer-sign]
    ret =my_fcopy (cmd_str_11,cmd_str_21,0);
                              ^~~~~~~~~~
In file included from ../src/cmd.h:8,
                 from ../src/cmd.c:1:
../src/fat/ff.h:359:9: note: expected 'TCHAR *' {aka 'char *'} but argument is of type 'BYTE *' {aka 'unsigned char *'}
 FRESULT my_fcopy (TCHAR *psrc,TCHAR *pdst,u8 fwmode);            /* copy file */
         ^~~~~~~~
../src/cmd.c:706:16: warning: pointer targets in passing argument 1 of 'strlen' differ in signedness [-Wpointer-sign]
    temp=strlen(cmd_str_11);
                ^~~~~~~~~~
In file included from ../src/FIFO.h:40,
                 from ../src/cmd.h:13,
                 from ../src/cmd.c:1:
d:\xilinx\sdk\2019.1\gnu\microblaze\nt\microblaze-xilinx-elf\include\string.h:41:9: note: expected 'const char *' but argument is of type 'BYTE *' {aka 'unsigned char *'}
 size_t  strlen (const char *);
         ^~~~~~
../src/cmd.c:709:35: warning: operation on 'i' may be undefined [-Wsequence-point]
       unicode_u16=(pMsg->MsgData[i++]|pMsg->MsgData[i++]<<8);
                                  ~^~
../src/cmd.c:723:20: warning: pointer targets in passing argument 1 of 'my_dcopy' differ in signedness [-Wpointer-sign]
    ret = my_dcopy (cmd_str_11,cmd_str_21,0);
                    ^~~~~~~~~~
In file included from ../src/cmd.h:8,
                 from ../src/cmd.c:1:
../src/fat/ff.h:360:9: note: expected 'TCHAR *' {aka 'char *'} but argument is of type 'BYTE *' {aka 'unsigned char *'}
 FRESULT my_dcopy(TCHAR *psrc,TCHAR *pdst,u8 fwmode);           /* copy directory */
         ^~~~~~~~
../src/cmd.c:723:31: warning: pointer targets in passing argument 2 of 'my_dcopy' differ in signedness [-Wpointer-sign]
    ret = my_dcopy (cmd_str_11,cmd_str_21,0);
                               ^~~~~~~~~~
In file included from ../src/cmd.h:8,
                 from ../src/cmd.c:1:
../src/fat/ff.h:360:9: note: expected 'TCHAR *' {aka 'char *'} but argument is of type 'BYTE *' {aka 'unsigned char *'}
 FRESULT my_dcopy(TCHAR *psrc,TCHAR *pdst,u8 fwmode);           /* copy directory */
         ^~~~~~~~
../src/cmd.c:733:10: warning: implicit declaration of function 'cmd_reply_a208'; did you mean 'cmd_reply_a203'? [-Wimplicit-function-declaration]
    ret = cmd_reply_a208(cmd_str_11);
          ^~~~~~~~~~~~~~
          cmd_reply_a203
../src/cmd.c:742:4: warning: implicit declaration of function 'usleep'; did you mean 'fseek'? [-Wimplicit-function-declaration]
    usleep(100000);
    ^~~~~~
    fseek
../src/cmd.c:762:42: warning: passing argument 2 of 'XAxiDma_SimpleTransfer' makes integer from pointer without a cast [-Wint-conversion]
     ret = XAxiDma_SimpleTransfer(&AxiDma,(UINTPTR *)(databuf),
                                          ^~~~~~~~~~~~~~~~~~~~
In file included from ../src/simple_dma.h:88,
                 from ../src/cmd.c:12:
../../1236_bsp/microblaze_1/include/xaxidma.h:751:58: note: expected 'UINTPTR' {aka 'unsigned int'} but argument is of type 'UINTPTR *' {aka 'unsigned int *'}
 u32 XAxiDma_SimpleTransfer(XAxiDma *InstancePtr, UINTPTR BuffAddr, u32 Length,
                                                  ~~~~~~~~^~~~~~~~
../src/cmd.c: In function 'run_cmd_a202':
../src/cmd.c:793:10: warning: unused variable 'ret' [-Wunused-variable]
      int ret=0,i=0;
          ^~~
../src/cmd.c: In function 'run_cmd_a204':
../src/cmd.c:1575:20: warning: suggest parentheses around comparison in operand of '&' [-Wparentheses]
   x0=((file_cmd>>0)&0x1==1)?1:0;   //x0=1�޸��ļ�����,x0=0���޸��ļ�����
                    ^
../src/cmd.c:1576:20: warning: suggest parentheses around comparison in operand of '&' [-Wparentheses]
   x1=((file_cmd>>4)&0x1==1)?1:0;   //x1=1�޸��ļ���д����,x1=0���޸��ļ���д����
                    ^
../src/cmd.c:1577:20: warning: suggest parentheses around comparison in operand of '&' [-Wparentheses]
   x2=((file_cmd>>8)&0x1==1)?1:0;   //x2=1�޸��ļ���ʾ����,x2=0���޸��ļ���ʾ����
                    ^
../src/cmd.c:1580:21: warning: suggest parentheses around comparison in operand of '&' [-Wparentheses]
   x4=((file_cmd>>16)&0x1==1)?1:0;  //x4=1�޸��ļ�������,x4=0���޸��ļ�������
                     ^
../src/cmd.c:1581:21: warning: suggest parentheses around comparison in operand of '&' [-Wparentheses]
   x5=((file_cmd>>20)&0x1==1)?1:0;  //x5=1�޸��ļ��ж�д����,x5=0���޸��ļ��ж�д����
                     ^
../src/cmd.c:1582:21: warning: suggest parentheses around comparison in operand of '&' [-Wparentheses]
   x6=((file_cmd>>24)&0x1==1)?1:0;  //x6=1�޸��ļ�����ʾ����,x6=0���޸��ļ�����ʾ����
                     ^
../src/cmd.c:1590:33: warning: operation on 'i' may be undefined [-Wsequence-point]
     unicode_u16=(pMsg->MsgData[i++]|pMsg->MsgData[i++]<<8);
                                ~^~
../src/cmd.c:1612:18: warning: pointer targets in passing argument 1 of 'f_chmod' differ in signedness [-Wpointer-sign]
      ret=f_chmod(cmd_str_11,AM_RDO,AM_RDO );         //  �ļ����ֻ��
                  ^~~~~~~~~~
In file included from ../src/cmd.h:8,
                 from ../src/cmd.c:1:
../src/fat/ff.h:324:9: note: expected 'const TCHAR *' {aka 'const char *'} but argument is of type 'BYTE *' {aka 'unsigned char *'}
 FRESULT f_chmod (const TCHAR* path, BYTE attr, BYTE mask);   /* Change attribute of a file/dir */
         ^~~~~~~
../src/cmd.c:1620:18: warning: pointer targets in passing argument 1 of 'f_chmod' differ in signedness [-Wpointer-sign]
      ret=f_chmod(cmd_str_11,0, AM_RDO);      //  �ļ�ȡ��ֻ��
                  ^~~~~~~~~~
In file included from ../src/cmd.h:8,
                 from ../src/cmd.c:1:
../src/fat/ff.h:324:9: note: expected 'const TCHAR *' {aka 'const char *'} but argument is of type 'BYTE *' {aka 'unsigned char *'}
 FRESULT f_chmod (const TCHAR* path, BYTE attr, BYTE mask);   /* Change attribute of a file/dir */
         ^~~~~~~
../src/cmd.c:1633:18: warning: pointer targets in passing argument 1 of 'f_chmod' differ in signedness [-Wpointer-sign]
      ret=f_chmod(cmd_str_11,AM_HID,AM_HID);         //  �ļ��������
                  ^~~~~~~~~~
In file included from ../src/cmd.h:8,
                 from ../src/cmd.c:1:
../src/fat/ff.h:324:9: note: expected 'const TCHAR *' {aka 'const char *'} but argument is of type 'BYTE *' {aka 'unsigned char *'}
 FRESULT f_chmod (const TCHAR* path, BYTE attr, BYTE mask);   /* Change attribute of a file/dir */
         ^~~~~~~
../src/cmd.c:1641:33: warning: pointer targets in passing argument 1 of 'f_chmod' differ in signedness [-Wpointer-sign]
                     ret=f_chmod(cmd_str_11,0,AM_HID);           //  �ļ�ȡ������
                                 ^~~~~~~~~~
In file included from ../src/cmd.h:8,
                 from ../src/cmd.c:1:
../src/fat/ff.h:324:9: note: expected 'const TCHAR *' {aka 'const char *'} but argument is of type 'BYTE *' {aka 'unsigned char *'}
 FRESULT f_chmod (const TCHAR* path, BYTE attr, BYTE mask);   /* Change attribute of a file/dir */
         ^~~~~~~
../src/cmd.c:1660:33: warning: operation on 'i' may be undefined [-Wsequence-point]
     unicode_u16=(pMsg->MsgData[i++]|pMsg->MsgData[i++]<<8);
                                ~^~
../src/cmd.c:1687:18: warning: pointer targets in passing argument 1 of 'f_chmod' differ in signedness [-Wpointer-sign]
      ret=f_chmod(cmd_str_31,AM_RDO,AM_RDO );     //  �ļ������ֻ��
                  ^~~~~~~~~~
In file included from ../src/cmd.h:8,
                 from ../src/cmd.c:1:
../src/fat/ff.h:324:9: note: expected 'const TCHAR *' {aka 'const char *'} but argument is of type 'BYTE *' {aka 'unsigned char *'}
 FRESULT f_chmod (const TCHAR* path, BYTE attr, BYTE mask);   /* Change attribute of a file/dir */
         ^~~~~~~
../src/cmd.c:1696:18: warning: pointer targets in passing argument 1 of 'f_chmod' differ in signedness [-Wpointer-sign]
      ret=f_chmod(cmd_str_31,0, AM_RDO);     //  �ļ���ȡ��ֻ��
                  ^~~~~~~~~~
In file included from ../src/cmd.h:8,
                 from ../src/cmd.c:1:
../src/fat/ff.h:324:9: note: expected 'const TCHAR *' {aka 'const char *'} but argument is of type 'BYTE *' {aka 'unsigned char *'}
 FRESULT f_chmod (const TCHAR* path, BYTE attr, BYTE mask);   /* Change attribute of a file/dir */
         ^~~~~~~
../src/cmd.c:1711:18: warning: pointer targets in passing argument 1 of 'f_chmod' differ in signedness [-Wpointer-sign]
      ret=f_chmod(cmd_str_31,AM_HID,AM_HID );     //  �ļ����������
                  ^~~~~~~~~~
In file included from ../src/cmd.h:8,
                 from ../src/cmd.c:1:
../src/fat/ff.h:324:9: note: expected 'const TCHAR *' {aka 'const char *'} but argument is of type 'BYTE *' {aka 'unsigned char *'}
 FRESULT f_chmod (const TCHAR* path, BYTE attr, BYTE mask);   /* Change attribute of a file/dir */
         ^~~~~~~
../src/cmd.c:1719:18: warning: pointer targets in passing argument 1 of 'f_chmod' differ in signedness [-Wpointer-sign]
      ret=f_chmod(cmd_str_31,0, AM_HID);     //  �ļ���ȡ������
                  ^~~~~~~~~~
In file included from ../src/cmd.h:8,
                 from ../src/cmd.c:1:
../src/fat/ff.h:324:9: note: expected 'const TCHAR *' {aka 'const char *'} but argument is of type 'BYTE *' {aka 'unsigned char *'}
 FRESULT f_chmod (const TCHAR* path, BYTE attr, BYTE mask);   /* Change attribute of a file/dir */
         ^~~~~~~
../src/cmd.c:1566:7: warning: unused variable 'file' [-Wunused-variable]
   FIL file;
       ^~~~
../src/cmd.c:1565:7: warning: unused variable 'dir' [-Wunused-variable]
   DIR dir;
       ^~~
../src/cmd.c:1564:42: warning: unused variable 'x7' [-Wunused-variable]
   int x0=0,x1=0,x2=0,x3=0,x4=0,x5=0,x6=0,x7=0;
                                          ^~
../src/cmd.c:1564:22: warning: unused variable 'x3' [-Wunused-variable]
   int x0=0,x1=0,x2=0,x3=0,x4=0,x5=0,x6=0,x7=0;
                      ^~
../src/cmd.c:1557:7: warning: unused variable 'flag' [-Wunused-variable]
   int flag=0;
       ^~~~
../src/cmd.c: In function 'run_cmd_a205':
../src/cmd.c:1748:35: warning: operation on 'i' may be undefined [-Wsequence-point]
       unicode_u16=(pMsg->MsgData[i++]|pMsg->MsgData[i++]<<8);
                                  ~^~
../src/cmd.c:1763:9: warning: implicit declaration of function 'cmd_reply_a206'; did you mean 'cmd_reply_a204'? [-Wimplicit-function-declaration]
     res=cmd_reply_a206(pMsg, cmd_str_11);
         ^~~~~~~~~~~~~~
         cmd_reply_a204
../src/cmd.c:1777:34: warning: operation on 'i' may be undefined [-Wsequence-point]
      unicode_u16=(pMsg->MsgData[i++]|pMsg->MsgData[i++]<<8);
                                 ~^~
../src/cmd.c:1792:9: warning: implicit declaration of function 'cmd_reply_a207'; did you mean 'cmd_reply_a204'? [-Wimplicit-function-declaration]
     res=cmd_reply_a207(pMsg, cmd_str_21);
         ^~~~~~~~~~~~~~
         cmd_reply_a204
../src/cmd.c:1733:19: warning: unused variable 'ret' [-Wunused-variable]
    int file_cmd=0,ret=0,i=0,x = 0,temp=0,h=0;
                   ^~~
../src/cmd.c: In function 'cmd_reply_a206':
../src/cmd.c:1825:17: warning: pointer targets in passing argument 1 of 'f_stat' differ in signedness [-Wpointer-sign]
     fr = f_stat(path, &fno);
                 ^~~~
In file included from ../src/cmd.h:8,
                 from ../src/cmd.c:1:
../src/fat/ff.h:323:9: note: expected 'const TCHAR *' {aka 'const char *'} but argument is of type 'const BYTE *' {aka 'const unsigned char *'}
 FRESULT f_stat (const TCHAR* path, FILINFO* fno);     /* Get file status */
         ^~~~~~
../src/cmd.c:1848:28: warning: passing argument 1 of 'strcpy' from incompatible pointer type [-Wincompatible-pointer-types]
   strcpy(ReplyStructA206Ack.Name,(char *)fno.fname);  //noted by lyh on the 1.22
          ~~~~~~~~~~~~~~~~~~^~~~~
In file included from ../src/FIFO.h:40,
                 from ../src/cmd.h:13,
                 from ../src/cmd.c:1:
d:\xilinx\sdk\2019.1\gnu\microblaze\nt\microblaze-xilinx-elf\include\string.h:38:8: note: expected 'char * restrict' but argument is of type 'u16 *' {aka 'short unsigned int *'}
 char  *strcpy (char *__restrict, const char *__restrict);
        ^~~~~~
../src/cmd.c:1850:3: warning: implicit declaration of function 'Convert_GB2312_to_UTF16LE' [-Wimplicit-function-declaration]
   Convert_GB2312_to_UTF16LE(ReplyStructA206Ack.Name);       //add   by lyh on the 2.02
   ^~~~~~~~~~~~~~~~~~~~~~~~~
../src/cmd.c:1851:3: warning: implicit declaration of function 'Reverse_u16'; did you mean 'Reverse_u64'? [-Wimplicit-function-declaration]
   Reverse_u16(ReplyStructA206Ack.Name);
   ^~~~~~~~~~~
   Reverse_u64
../src/cmd.c:1853:18: warning: passing argument 1 of 'get_path_dname' discards 'const' qualifier from pointer target type [-Wdiscarded-qualifiers]
   get_path_dname(path,ReplyStructA206Ack.Dir);
                  ^~~~
In file included from ../src/cmd.h:8,
                 from ../src/cmd.c:1:
../src/fat/ff.h:368:27: note: expected 'BYTE *' {aka 'unsigned char *'} but argument is of type 'const BYTE *' {aka 'const unsigned char *'}
 void get_path_dname(BYTE* path,u8* des);
                     ~~~~~~^~~~
../src/cmd.c:1853:41: warning: passing argument 2 of 'get_path_dname' from incompatible pointer type [-Wincompatible-pointer-types]
   get_path_dname(path,ReplyStructA206Ack.Dir);
                       ~~~~~~~~~~~~~~~~~~^~~~
In file included from ../src/cmd.h:8,
                 from ../src/cmd.c:1:
../src/fat/ff.h:368:36: note: expected 'u8 *' {aka 'unsigned char *'} but argument is of type 'u16 *' {aka 'short unsigned int *'}
 void get_path_dname(BYTE* path,u8* des);
                                ~~~~^~~
../src/cmd.c:1878:11: warning: pointer targets in passing argument 1 of 'sprintf' differ in signedness [-Wpointer-sign]
   sprintf(CreateTime1,"%u.%02u.%02u,%02u.%02u.%02u",
           ^~~~~~~~~~~
In file included from ../src/cmd.h:6,
                 from ../src/cmd.c:1:
d:\xilinx\sdk\2019.1\gnu\microblaze\nt\microblaze-xilinx-elf\include\stdio.h:244:5: note: expected 'char * restrict' but argument is of type 'u8 *' {aka 'unsigned char *'}
 int sprintf (char *__restrict, const char *__restrict, ...)
     ^~~~~~~
../src/cmd.c:1883:11: warning: pointer targets in passing argument 1 of 'sprintf' differ in signedness [-Wpointer-sign]
   sprintf(CreateTime2,"%u.%02u.%02u,%02u.%02u.%02u",
           ^~~~~~~~~~~
In file included from ../src/cmd.h:6,
                 from ../src/cmd.c:1:
d:\xilinx\sdk\2019.1\gnu\microblaze\nt\microblaze-xilinx-elf\include\stdio.h:244:5: note: expected 'char * restrict' but argument is of type 'u8 *' {aka 'unsigned char *'}
 int sprintf (char *__restrict, const char *__restrict, ...)
     ^~~~~~~
../src/cmd.c:1888:11: warning: pointer targets in passing argument 1 of 'sprintf' differ in signedness [-Wpointer-sign]
   sprintf(ChangeTime1,"%u.%02u.%02u,%02u.%02u.%02u",
           ^~~~~~~~~~~
In file included from ../src/cmd.h:6,
                 from ../src/cmd.c:1:
d:\xilinx\sdk\2019.1\gnu\microblaze\nt\microblaze-xilinx-elf\include\stdio.h:244:5: note: expected 'char * restrict' but argument is of type 'u8 *' {aka 'unsigned char *'}
 int sprintf (char *__restrict, const char *__restrict, ...)
     ^~~~~~~
../src/cmd.c:1893:11: warning: pointer targets in passing argument 1 of 'sprintf' differ in signedness [-Wpointer-sign]
   sprintf(ChangeTime2,"%u.%02u.%02u,%02u.%02u.%02u",
           ^~~~~~~~~~~
In file included from ../src/cmd.h:6,
                 from ../src/cmd.c:1:
d:\xilinx\sdk\2019.1\gnu\microblaze\nt\microblaze-xilinx-elf\include\stdio.h:244:5: note: expected 'char * restrict' but argument is of type 'u8 *' {aka 'unsigned char *'}
 int sprintf (char *__restrict, const char *__restrict, ...)
     ^~~~~~~
../src/cmd.c:1898:11: warning: pointer targets in passing argument 1 of 'sprintf' differ in signedness [-Wpointer-sign]
   sprintf(AccessTime1,"%u.%02u.%02u,%02u.%02u.%02u",
           ^~~~~~~~~~~
In file included from ../src/cmd.h:6,
                 from ../src/cmd.c:1:
d:\xilinx\sdk\2019.1\gnu\microblaze\nt\microblaze-xilinx-elf\include\stdio.h:244:5: note: expected 'char * restrict' but argument is of type 'u8 *' {aka 'unsigned char *'}
 int sprintf (char *__restrict, const char *__restrict, ...)
     ^~~~~~~
../src/cmd.c:1903:11: warning: pointer targets in passing argument 1 of 'sprintf' differ in signedness [-Wpointer-sign]
   sprintf(AccessTime2,"%u.%02u.%02u,%02u.%02u.%02u",
           ^~~~~~~~~~~
In file included from ../src/cmd.h:6,
                 from ../src/cmd.c:1:
d:\xilinx\sdk\2019.1\gnu\microblaze\nt\microblaze-xilinx-elf\include\stdio.h:244:5: note: expected 'char * restrict' but argument is of type 'u8 *' {aka 'unsigned char *'}
 int sprintf (char *__restrict, const char *__restrict, ...)
     ^~~~~~~
../src/cmd.c:1926:2: warning: multi-line comment [-Wcomment]
  // ReplyStructA206Ack.CheckCode = ReplyStructA206Ack.AckPackNum + \
  ^
../src/cmd.c: In function 'cmd_reply_a207':
../src/cmd.c:1967:15: warning: pointer targets in passing argument 1 of 'f_stat' differ in signedness [-Wpointer-sign]
   fr = f_stat(path, &fno);
               ^~~~
In file included from ../src/cmd.h:8,
                 from ../src/cmd.c:1:
../src/fat/ff.h:323:9: note: expected 'const TCHAR *' {aka 'const char *'} but argument is of type 'const BYTE *' {aka 'const unsigned char *'}
 FRESULT f_stat (const TCHAR* path, FILINFO* fno);     /* Get file status */
         ^~~~~~
../src/cmd.c:1968:24: warning: passing argument 1 of 'Num_of_Dir_and_File' discards 'const' qualifier from pointer target type [-Wdiscarded-qualifiers]
   Num_of_Dir_and_File (path,&nfile,&ndir,0);
                        ^~~~
In file included from ../src/cmd.h:8,
                 from ../src/cmd.c:1:
../src/fat/ff.h:366:36: note: expected 'BYTE *' {aka 'unsigned char *'} but argument is of type 'const BYTE *' {aka 'const unsigned char *'}
 FRESULT Num_of_Dir_and_File (BYTE *path,DWORD *file_num,DWORD *dir_num,uint8_t mode); /* �ֱ��ȡĿ¼����Ŀ¼���ļ����� */
                              ~~~~~~^~~~
../src/cmd.c:1968:29: warning: passing argument 2 of 'Num_of_Dir_and_File' from incompatible pointer type [-Wincompatible-pointer-types]
   Num_of_Dir_and_File (path,&nfile,&ndir,0);
                             ^~~~~~
In file included from ../src/cmd.h:8,
                 from ../src/cmd.c:1:
../src/fat/ff.h:366:48: note: expected 'DWORD *' {aka 'long unsigned int *'} but argument is of type 'int *'
 FRESULT Num_of_Dir_and_File (BYTE *path,DWORD *file_num,DWORD *dir_num,uint8_t mode); /* �ֱ��ȡĿ¼����Ŀ¼���ļ����� */
                                         ~~~~~~~^~~~~~~~
../src/cmd.c:1968:36: warning: passing argument 3 of 'Num_of_Dir_and_File' from incompatible pointer type [-Wincompatible-pointer-types]
   Num_of_Dir_and_File (path,&nfile,&ndir,0);
                                    ^~~~~
In file included from ../src/cmd.h:8,
                 from ../src/cmd.c:1:
../src/fat/ff.h:366:64: note: expected 'DWORD *' {aka 'long unsigned int *'} but argument is of type 'int *'
 FRESULT Num_of_Dir_and_File (BYTE *path,DWORD *file_num,DWORD *dir_num,uint8_t mode); /* �ֱ��ȡĿ¼����Ŀ¼���ļ����� */
                                                         ~~~~~~~^~~~~~~
../src/cmd.c:1996:18: warning: passing argument 1 of 'get_path_dname' discards 'const' qualifier from pointer target type [-Wdiscarded-qualifiers]
   get_path_dname(path,ReplyStructA207Ack.Dir);
                  ^~~~
In file included from ../src/cmd.h:8,
                 from ../src/cmd.c:1:
../src/fat/ff.h:368:27: note: expected 'BYTE *' {aka 'unsigned char *'} but argument is of type 'const BYTE *' {aka 'const unsigned char *'}
 void get_path_dname(BYTE* path,u8* des);
                     ~~~~~~^~~~
../src/cmd.c:1996:41: warning: passing argument 2 of 'get_path_dname' from incompatible pointer type [-Wincompatible-pointer-types]
   get_path_dname(path,ReplyStructA207Ack.Dir);
                       ~~~~~~~~~~~~~~~~~~^~~~
In file included from ../src/cmd.h:8,
                 from ../src/cmd.c:1:
../src/fat/ff.h:368:36: note: expected 'u8 *' {aka 'unsigned char *'} but argument is of type 'u16 *' {aka 'short unsigned int *'}
 void get_path_dname(BYTE* path,u8* des);
                                ~~~~^~~
../src/cmd.c:1998:34: warning: passing argument 1 of 'get_Dir_size' from incompatible pointer type [-Wincompatible-pointer-types]
   get_Dir_size(ReplyStructA207Ack.Name,&ReplyStructA207Ack.Size);
                ~~~~~~~~~~~~~~~~~~^~~~~
In file included from ../src/cmd.h:8,
                 from ../src/cmd.c:1:
../src/fat/ff.h:367:29: note: expected 'TCHAR *' {aka 'char *'} but argument is of type 'u16 *' {aka 'short unsigned int *'}
 FRESULT get_Dir_size(TCHAR *path,uint64_t*size);                  /* ��ȡĿ¼�Ĵ�С */
                      ~~~~~~~^~~~
../src/cmd.c:2018:11: warning: pointer targets in passing argument 1 of 'sprintf' differ in signedness [-Wpointer-sign]
   sprintf(CreateTime1,"%u.%02u.%02u,%02u.%02u.%02u",
           ^~~~~~~~~~~
In file included from ../src/cmd.h:6,
                 from ../src/cmd.c:1:
d:\xilinx\sdk\2019.1\gnu\microblaze\nt\microblaze-xilinx-elf\include\stdio.h:244:5: note: expected 'char * restrict' but argument is of type 'u8 *' {aka 'unsigned char *'}
 int sprintf (char *__restrict, const char *__restrict, ...)
     ^~~~~~~
../src/cmd.c:2024:11: warning: pointer targets in passing argument 1 of 'sprintf' differ in signedness [-Wpointer-sign]
   sprintf(CreateTime2,"%u.%02u.%02u,%02u.%02u.%02u",
           ^~~~~~~~~~~
In file included from ../src/cmd.h:6,
                 from ../src/cmd.c:1:
d:\xilinx\sdk\2019.1\gnu\microblaze\nt\microblaze-xilinx-elf\include\stdio.h:244:5: note: expected 'char * restrict' but argument is of type 'u8 *' {aka 'unsigned char *'}
 int sprintf (char *__restrict, const char *__restrict, ...)
     ^~~~~~~
../src/cmd.c:2029:11: warning: pointer targets in passing argument 1 of 'sprintf' differ in signedness [-Wpointer-sign]
   sprintf(ChangeTime1,"%u.%02u.%02u,%02u.%02u.%02u",
           ^~~~~~~~~~~
In file included from ../src/cmd.h:6,
                 from ../src/cmd.c:1:
d:\xilinx\sdk\2019.1\gnu\microblaze\nt\microblaze-xilinx-elf\include\stdio.h:244:5: note: expected 'char * restrict' but argument is of type 'u8 *' {aka 'unsigned char *'}
 int sprintf (char *__restrict, const char *__restrict, ...)
     ^~~~~~~
../src/cmd.c:2034:11: warning: pointer targets in passing argument 1 of 'sprintf' differ in signedness [-Wpointer-sign]
   sprintf(ChangeTime2,"%u.%02u.%02u,%02u.%02u.%02u",
           ^~~~~~~~~~~
In file included from ../src/cmd.h:6,
                 from ../src/cmd.c:1:
d:\xilinx\sdk\2019.1\gnu\microblaze\nt\microblaze-xilinx-elf\include\stdio.h:244:5: note: expected 'char * restrict' but argument is of type 'u8 *' {aka 'unsigned char *'}
 int sprintf (char *__restrict, const char *__restrict, ...)
     ^~~~~~~
../src/cmd.c:2039:11: warning: pointer targets in passing argument 1 of 'sprintf' differ in signedness [-Wpointer-sign]
   sprintf(AccessTime1,"%u.%02u.%02u,%02u.%02u.%02u",
           ^~~~~~~~~~~
In file included from ../src/cmd.h:6,
                 from ../src/cmd.c:1:
d:\xilinx\sdk\2019.1\gnu\microblaze\nt\microblaze-xilinx-elf\include\stdio.h:244:5: note: expected 'char * restrict' but argument is of type 'u8 *' {aka 'unsigned char *'}
 int sprintf (char *__restrict, const char *__restrict, ...)
     ^~~~~~~
../src/cmd.c:2044:11: warning: pointer targets in passing argument 1 of 'sprintf' differ in signedness [-Wpointer-sign]
   sprintf(AccessTime2,"%u.%02u.%02u,%02u.%02u.%02u",
           ^~~~~~~~~~~
In file included from ../src/cmd.h:6,
                 from ../src/cmd.c:1:
d:\xilinx\sdk\2019.1\gnu\microblaze\nt\microblaze-xilinx-elf\include\stdio.h:244:5: note: expected 'char * restrict' but argument is of type 'u8 *' {aka 'unsigned char *'}
 int sprintf (char *__restrict, const char *__restrict, ...)
     ^~~~~~~
../src/cmd.c:2067:2: warning: multi-line comment [-Wcomment]
  // ReplyStructA207Ack.CheckCode = ReplyStructA206Ack.AckPackNum + \
  ^
../src/cmd.c:1958:14: warning: unused variable 'temp2' [-Wunused-variable]
   int temp1, temp2;
              ^~~~~
../src/cmd.c:1958:7: warning: unused variable 'temp1' [-Wunused-variable]
   int temp1, temp2;
       ^~~~~
../src/cmd.c: At top level:
../src/cmd.c:2090:6: warning: conflicting types for 'Reverse_u16'
 void Reverse_u16(u16 *name)
      ^~~~~~~~~~~
../src/cmd.c:1851:3: note: previous implicit declaration of 'Reverse_u16' was here
   Reverse_u16(ReplyStructA206Ack.Name);
   ^~~~~~~~~~~
../src/cmd.c:2115:6: warning: conflicting types for 'Convert_GB2312_to_UTF16LE'
 void Convert_GB2312_to_UTF16LE(u16 *name)
      ^~~~~~~~~~~~~~~~~~~~~~~~~
../src/cmd.c:1850:3: note: previous implicit declaration of 'Convert_GB2312_to_UTF16LE' was here
   Convert_GB2312_to_UTF16LE(ReplyStructA206Ack.Name);       //add   by lyh on the 2.02
   ^~~~~~~~~~~~~~~~~~~~~~~~~
../src/cmd.c: In function 'InitList':
../src/cmd.c:2178:30: warning: implicit declaration of function 'wjq_malloc_m'; did you mean '_malloc_r'? [-Wimplicit-function-declaration]
   LinkedList List= (Node * ) wjq_malloc_m (sizeof(Node));    // ����һ��ͷ���
                              ^~~~~~~~~~~~
                              _malloc_r
../src/cmd.c:2181:11: warning: returning 'int' from a function with return type 'LinkedList' {aka 'struct Node *'} makes pointer from integer without a cast [-Wint-conversion]
    return -1;
           ^
../src/cmd.c: In function 'cmd_reply_a208':
../src/cmd.c:2314:3: warning: implicit declaration of function 'wjq_free_m'; did you mean '_free_r'? [-Wimplicit-function-declaration]
   wjq_free_m(ReplyStructA208Ack.message);  // �ͷ��ڴ�
   ^~~~~~~~~~
   _free_r
../src/cmd.c: In function 'run_cmd_d201':
../src/cmd.c:2384:32: warning: operation on 'i' may be undefined [-Wsequence-point]
    unicode_u16=(pMsg->MsgData[i++]|pMsg->MsgData[i++]<<8);
                               ~^~
../src/cmd.c:2405:23: warning: pointer targets in passing argument 2 of 'f_open' differ in signedness [-Wpointer-sign]
   ret =f_open(&file1, cmd_str_11,  FA_OPEN_EXISTING |FA_READ);
                       ^~~~~~~~~~
In file included from ../src/cmd.h:8,
                 from ../src/cmd.c:1:
../src/fat/ff.h:306:9: note: expected 'const TCHAR *' {aka 'const char *'} but argument is of type 'BYTE *' {aka 'unsigned char *'}
 FRESULT f_open (FIL* fp, const TCHAR* path, BYTE mode);    /* Open or create a file */
         ^~~~~~
../src/cmd.c:2381:9: warning: unused variable 'cmd_char_str1' [-Wunused-variable]
   BYTE *cmd_char_str1;
         ^~~~~~~~~~~~~
../src/cmd.c:2374:7: warning: unused variable 'file_cmd' [-Wunused-variable]
   int file_cmd=0,ret=0,i=0,x=0,h=0;
       ^~~~~~~~
../src/cmd.c: In function 'run_cmd_d202':
../src/cmd.c:2466:20: warning: initialization of 'uint32_t' {aka 'long unsigned int'} from 'void *' makes integer from pointer without a cast [-Wint-conversion]
   uint32_t  buff = (void *)(MEM_DDR4_BASE);
                    ^
../src/cmd.c:2469:32: warning: operation on 'i' may be undefined [-Wsequence-point]
    unicode_u16=(pMsg->MsgData[i++]|pMsg->MsgData[i++]<<8);
                               ~^~
../src/cmd.c:2484:23: warning: pointer targets in passing argument 2 of 'f_open' differ in signedness [-Wpointer-sign]
   ret = f_open(&wfile,cmd_str_11, FA_CREATE_ALWAYS | FA_WRITE |FA_READ);
                       ^~~~~~~~~~
In file included from ../src/cmd.h:8,
                 from ../src/cmd.c:1:
../src/fat/ff.h:306:9: note: expected 'const TCHAR *' {aka 'const char *'} but argument is of type 'BYTE *' {aka 'unsigned char *'}
 FRESULT f_open (FIL* fp, const TCHAR* path, BYTE mode);    /* Open or create a file */
         ^~~~~~
../src/cmd.c:2518:6: warning: passing argument 2 of 'f_write1' makes pointer from integer without a cast [-Wint-conversion]
      buff,   /* Data to be written */
      ^~~~
In file included from ../src/cmd.h:8,
                 from ../src/cmd.c:1:
../src/fat/ff.h:311:40: note: expected 'const void *' but argument is of type 'uint32_t' {aka 'long unsigned int'}
 FRESULT f_write1 (FIL* fp, const void* buff, UINT btw, UINT* bw);
                            ~~~~~~~~~~~~^~~~
../src/cmd.c:2520:6: warning: passing argument 4 of 'f_write1' from incompatible pointer type [-Wincompatible-pointer-types]
      &bw    /* Number of bytes written */
      ^~~
In file included from ../src/cmd.h:8,
                 from ../src/cmd.c:1:
../src/fat/ff.h:311:62: note: expected 'UINT *' {aka 'unsigned int *'} but argument is of type 'uint32_t *' {aka 'long unsigned int *'}
 FRESULT f_write1 (FIL* fp, const void* buff, UINT btw, UINT* bw);
                                                        ~~~~~~^~
../src/cmd.c:2465:13: warning: unused variable 'count' [-Wunused-variable]
   uint32_t  count=0;
             ^~~~~
../src/cmd.c: In function 'run_cmd_d203':
../src/cmd.c:2580:20: warning: initialization of 'uint32_t' {aka 'long unsigned int'} from 'void *' makes integer from pointer without a cast [-Wint-conversion]
   uint32_t  buff = (void *)(MEM_DDR4_BASE);
                    ^
../src/cmd.c:2584:32: warning: operation on 'i' may be undefined [-Wsequence-point]
    unicode_u16=(pMsg->MsgData[i++]|pMsg->MsgData[i++]<<8);
                               ~^~
../src/cmd.c:2694:6: warning: passing argument 2 of 'f_write1' makes pointer from integer without a cast [-Wint-conversion]
      buff,   /* Data to be written */
      ^~~~
In file included from ../src/cmd.h:8,
                 from ../src/cmd.c:1:
../src/fat/ff.h:311:40: note: expected 'const void *' but argument is of type 'uint32_t' {aka 'long unsigned int'}
 FRESULT f_write1 (FIL* fp, const void* buff, UINT btw, UINT* bw);
                            ~~~~~~~~~~~~^~~~
../src/cmd.c:2696:6: warning: passing argument 4 of 'f_write1' from incompatible pointer type [-Wincompatible-pointer-types]
      &bw    /* Number of bytes written */
      ^~~
In file included from ../src/cmd.h:8,
                 from ../src/cmd.c:1:
../src/fat/ff.h:311:62: note: expected 'UINT *' {aka 'unsigned int *'} but argument is of type 'uint32_t *' {aka 'long unsigned int *'}
 FRESULT f_write1 (FIL* fp, const void* buff, UINT btw, UINT* bw);
                                                        ~~~~~~^~
../src/cmd.c:2574:7: warning: unused variable 'file_cmd' [-Wunused-variable]
   u32 file_cmd=0;
       ^~~~~~~~
../src/cmd.c:2573:12: warning: unused variable 'Status' [-Wunused-variable]
   uint32_t Status=0,bw=0;
            ^~~~~~
../src/cmd.c:2572:7: warning: unused variable 'k' [-Wunused-variable]
   int k=0;
       ^
../src/cmd.c: In function 'run_cmd_d205':
../src/cmd.c:2746:21: warning: initialization of 'uint32_t' {aka 'long unsigned int'} from 'void *' makes integer from pointer without a cast [-Wint-conversion]
    uint32_t  buff_r=(void *)(0x90000000);
                     ^
../src/cmd.c:2766:24: warning: pointer targets in passing argument 2 of 'f_open' differ in signedness [-Wpointer-sign]
    ret = f_open(&rfile,name, FA_OPEN_EXISTING |FA_READ);
                        ^~~~
In file included from ../src/cmd.h:8,
                 from ../src/cmd.c:1:
../src/fat/ff.h:306:9: note: expected 'const TCHAR *' {aka 'const char *'} but argument is of type 'BYTE *' {aka 'unsigned char *'}
 FRESULT f_open (FIL* fp, const TCHAR* path, BYTE mode);    /* Open or create a file */
         ^~~~~~
../src/cmd.c:2804:7: warning: passing argument 2 of 'f_read1' makes pointer from integer without a cast [-Wint-conversion]
       buff_r,
       ^~~~~~
In file included from ../src/cmd.h:8,
                 from ../src/cmd.c:1:
../src/fat/ff.h:309:33: note: expected 'void *' but argument is of type 'uint32_t' {aka 'long unsigned int'}
 FRESULT f_read1 (FIL* fp, void* buff, UINT btr, UINT* br);   /* Read data from the file */
                           ~~~~~~^~~~
../src/cmd.c:2806:7: warning: pointer targets in passing argument 4 of 'f_read1' differ in signedness [-Wpointer-sign]
       &br
       ^~~
In file included from ../src/cmd.h:8,
                 from ../src/cmd.c:1:
../src/fat/ff.h:309:9: note: expected 'UINT *' {aka 'unsigned int *'} but argument is of type 'int *'
 FRESULT f_read1 (FIL* fp, void* buff, UINT btr, UINT* br);   /* Read data from the file */
         ^~~~~~~
../src/cmd.c:2740:27: warning: unused variable 'h' [-Wunused-variable]
    int i=0,x=0,Status,ret,h=0,time=1;
                           ^
../src/cmd.c:2740:16: warning: unused variable 'Status' [-Wunused-variable]
    int i=0,x=0,Status,ret,h=0,time=1;
                ^~~~~~
../src/cmd.c:2740:12: warning: unused variable 'x' [-Wunused-variable]
    int i=0,x=0,Status,ret,h=0,time=1;
            ^
../src/cmd.c: In function 'run_cmd_d205_2':
../src/cmd.c:2889:20: warning: initialization of 'uint32_t' {aka 'long unsigned int'} from 'void *' makes integer from pointer without a cast [-Wint-conversion]
   uint32_t  buff_r=(void *)(0x80000000);
                    ^
../src/cmd.c:2909:23: warning: pointer targets in passing argument 2 of 'f_open' differ in signedness [-Wpointer-sign]
   ret = f_open(&rfile,name, FA_OPEN_EXISTING |FA_READ);
                       ^~~~
In file included from ../src/cmd.h:8,
                 from ../src/cmd.c:1:
../src/fat/ff.h:306:9: note: expected 'const TCHAR *' {aka 'const char *'} but argument is of type 'BYTE *' {aka 'unsigned char *'}
 FRESULT f_open (FIL* fp, const TCHAR* path, BYTE mode);    /* Open or create a file */
         ^~~~~~
../src/cmd.c:2947:7: warning: passing argument 2 of 'f_read1' makes pointer from integer without a cast [-Wint-conversion]
       buff_r,
       ^~~~~~
In file included from ../src/cmd.h:8,
                 from ../src/cmd.c:1:
../src/fat/ff.h:309:33: note: expected 'void *' but argument is of type 'uint32_t' {aka 'long unsigned int'}
 FRESULT f_read1 (FIL* fp, void* buff, UINT btr, UINT* br);   /* Read data from the file */
                           ~~~~~~^~~~
../src/cmd.c:2949:7: warning: pointer targets in passing argument 4 of 'f_read1' differ in signedness [-Wpointer-sign]
       &br
       ^~~
In file included from ../src/cmd.h:8,
                 from ../src/cmd.c:1:
../src/fat/ff.h:309:9: note: expected 'UINT *' {aka 'unsigned int *'} but argument is of type 'int *'
 FRESULT f_read1 (FIL* fp, void* buff, UINT btr, UINT* br);   /* Read data from the file */
         ^~~~~~~
../src/cmd.c:2883:26: warning: unused variable 'h' [-Wunused-variable]
   int i=0,x=0,Status,ret,h=0,time=1;
                          ^
../src/cmd.c:2883:15: warning: unused variable 'Status' [-Wunused-variable]
   int i=0,x=0,Status,ret,h=0,time=1;
               ^~~~~~
../src/cmd.c:2883:11: warning: unused variable 'x' [-Wunused-variable]
   int i=0,x=0,Status,ret,h=0,time=1;
           ^
../src/cmd.c: In function 'run_cmd_d205_8x':
../src/cmd.c:3043:21: warning: initialization of 'uint32_t' {aka 'long unsigned int'} from 'void *' makes integer from pointer without a cast [-Wint-conversion]
    uint32_t  buff_r=(void *)(0x80000000);
                     ^
../src/cmd.c:3084:7: warning: passing argument 2 of 'f_read1' makes pointer from integer without a cast [-Wint-conversion]
       buff_r,
       ^~~~~~
In file included from ../src/cmd.h:8,
                 from ../src/cmd.c:1:
../src/fat/ff.h:309:33: note: expected 'void *' but argument is of type 'uint32_t' {aka 'long unsigned int'}
 FRESULT f_read1 (FIL* fp, void* buff, UINT btr, UINT* br);   /* Read data from the file */
                           ~~~~~~^~~~
../src/cmd.c:3086:7: warning: pointer targets in passing argument 4 of 'f_read1' differ in signedness [-Wpointer-sign]
       &br
       ^~~
In file included from ../src/cmd.h:8,
                 from ../src/cmd.c:1:
../src/fat/ff.h:309:9: note: expected 'UINT *' {aka 'unsigned int *'} but argument is of type 'int *'
 FRESULT f_read1 (FIL* fp, void* buff, UINT btr, UINT* br);   /* Read data from the file */
         ^~~~~~~
../src/cmd.c:3143:39: warning: assignment to 'uint32_t' {aka 'long unsigned int'} from 'void *' makes integer from pointer without a cast [-Wint-conversion]
        if(buff_r>=0xDFFFFFFF)   buff_r=(void *)(0x80000000);
                                       ^
../src/cmd.c:3042:14: warning: unused variable 'MODE' [-Wunused-variable]
    uint32_t  MODE=0;
              ^~~~
../src/cmd.c:3037:27: warning: unused variable 'h' [-Wunused-variable]
    int i=0,x=0,Status,ret,h=0,time=1;
                           ^
../src/cmd.c:3037:16: warning: unused variable 'Status' [-Wunused-variable]
    int i=0,x=0,Status,ret,h=0,time=1;
                ^~~~~~
../src/cmd.c:3037:12: warning: unused variable 'x' [-Wunused-variable]
    int i=0,x=0,Status,ret,h=0,time=1;
            ^
../src/cmd.c: In function 'run_cmd_d205_2_8x':
../src/cmd.c:3193:20: warning: initialization of 'uint32_t' {aka 'long unsigned int'} from 'void *' makes integer from pointer without a cast [-Wint-conversion]
   uint32_t  buff_r=(void *)(0x80000000);
                    ^
../src/cmd.c:3197:23: warning: pointer targets in passing argument 2 of 'f_open' differ in signedness [-Wpointer-sign]
   ret = f_open(&rfile,name, FA_OPEN_EXISTING |FA_READ);
                       ^~~~
In file included from ../src/cmd.h:8,
                 from ../src/cmd.c:1:
../src/fat/ff.h:306:9: note: expected 'const TCHAR *' {aka 'const char *'} but argument is of type 'BYTE *' {aka 'unsigned char *'}
 FRESULT f_open (FIL* fp, const TCHAR* path, BYTE mode);    /* Open or create a file */
         ^~~~~~
../src/cmd.c:3234:7: warning: passing argument 2 of 'f_read1' makes pointer from integer without a cast [-Wint-conversion]
       buff_r,
       ^~~~~~
In file included from ../src/cmd.h:8,
                 from ../src/cmd.c:1:
../src/fat/ff.h:309:33: note: expected 'void *' but argument is of type 'uint32_t' {aka 'long unsigned int'}
 FRESULT f_read1 (FIL* fp, void* buff, UINT btr, UINT* br);   /* Read data from the file */
                           ~~~~~~^~~~
../src/cmd.c:3236:7: warning: pointer targets in passing argument 4 of 'f_read1' differ in signedness [-Wpointer-sign]
       &br
       ^~~
In file included from ../src/cmd.h:8,
                 from ../src/cmd.c:1:
../src/fat/ff.h:309:9: note: expected 'UINT *' {aka 'unsigned int *'} but argument is of type 'int *'
 FRESULT f_read1 (FIL* fp, void* buff, UINT btr, UINT* br);   /* Read data from the file */
         ^~~~~~~
../src/cmd.c:3275:36: warning: assignment to 'uint32_t' {aka 'long unsigned int'} from 'void *' makes integer from pointer without a cast [-Wint-conversion]
     if(buff_r>=0xDFFFFFFF)   buff_r=(void *)(0x80000000);
                                    ^
../src/cmd.c:3288:15: warning: assignment to 'uint32_t' {aka 'long unsigned int'} from 'void *' makes integer from pointer without a cast [-Wint-conversion]
         buff_r=(void *)(0x80000000);
               ^
../src/cmd.c:3192:13: warning: unused variable 'MODE' [-Wunused-variable]
   uint32_t  MODE=0;
             ^~~~
../src/cmd.c:3187:26: warning: unused variable 'h' [-Wunused-variable]
   int i=0,x=0,Status,ret,h=0,time=1;
                          ^
../src/cmd.c:3187:15: warning: unused variable 'Status' [-Wunused-variable]
   int i=0,x=0,Status,ret,h=0,time=1;
               ^~~~~~
../src/cmd.c:3187:11: warning: unused variable 'x' [-Wunused-variable]
   int i=0,x=0,Status,ret,h=0,time=1;
           ^
../src/cmd.c: In function 'run_cmd_d204':
../src/cmd.c:3340:37: warning: operation on 'i' may be undefined [-Wsequence-point]
         unicode_u16=(pMsg->MsgData[i++]|pMsg->MsgData[i++]<<8);
                                    ~^~
../src/cmd.c:3358:20: warning: suggest parentheses around comparison in operand of '&' [-Wparentheses]
  x0=((Read_mode>>0)&0x1==1)?1:0;     //x0=1Ϊ��ʽ��ȡ,x0=0Ϊ�ְ���ȡ
                    ^
../src/cmd.c:3360:20: warning: suggest parentheses around comparison in operand of '&' [-Wparentheses]
  x1=((Read_mode>>4)&0x1==0)?0:  //x1=0Ϊͨ�����ڻش�������,x1=1Ϊͨ��GTH 1x�ش�����,x1=2Ϊͨ��GTH 8x�ش�����
                    ^
../src/cmd.c:3361:20: warning: suggest parentheses around comparison in operand of '&' [-Wparentheses]
     ((Read_mode>>4)&0x1==1)?1:2;
                    ^
../src/cmd.c:3362:20: warning: suggest parentheses around comparison in operand of '&' [-Wparentheses]
  x2=((Read_mode>>8)&0x1==1)?1:0;  //x2=0Ϊһ�ζ��� x2=1Ϊѭ���ض�
                    ^
../src/cmd.c:3336:12: warning: variable 'x1' set but not used [-Wunused-but-set-variable]
   int x0=0,x1=0,x2=0;
            ^~
../src/cmd.c:3336:7: warning: variable 'x0' set but not used [-Wunused-but-set-variable]
   int x0=0,x1=0,x2=0;
       ^~
../src/cmd.c:3335:7: warning: unused variable 'file' [-Wunused-variable]
   FIL file;
       ^~~~
../src/cmd.c:3330:17: warning: unused variable 'ret' [-Wunused-variable]
      int temp=0,ret=0,i=0,x=0,h=0;
                 ^~~
../src/cmd.c: In function 'run_cmd_d208':
../src/cmd.c:3476:21: warning: initialization of 'uint32_t' {aka 'long unsigned int'} from 'void *' makes integer from pointer without a cast [-Wint-conversion]
    uint32_t  buff_r=(void *)(0x90000000);
                     ^
../src/cmd.c:3492:24: warning: pointer targets in passing argument 2 of 'f_open' differ in signedness [-Wpointer-sign]
    ret = f_open(&rfile,name, FA_OPEN_EXISTING |FA_READ);
                        ^~~~
In file included from ../src/cmd.h:8,
                 from ../src/cmd.c:1:
../src/fat/ff.h:306:9: note: expected 'const TCHAR *' {aka 'const char *'} but argument is of type 'BYTE *' {aka 'unsigned char *'}
 FRESULT f_open (FIL* fp, const TCHAR* path, BYTE mode);    /* Open or create a file */
         ^~~~~~
../src/cmd.c:3530:7: warning: passing argument 2 of 'f_read1' makes pointer from integer without a cast [-Wint-conversion]
       buff_r,
       ^~~~~~
In file included from ../src/cmd.h:8,
                 from ../src/cmd.c:1:
../src/fat/ff.h:309:33: note: expected 'void *' but argument is of type 'uint32_t' {aka 'long unsigned int'}
 FRESULT f_read1 (FIL* fp, void* buff, UINT btr, UINT* br);   /* Read data from the file */
                           ~~~~~~^~~~
../src/cmd.c:3532:7: warning: pointer targets in passing argument 4 of 'f_read1' differ in signedness [-Wpointer-sign]
       &br
       ^~~
In file included from ../src/cmd.h:8,
                 from ../src/cmd.c:1:
../src/fat/ff.h:309:9: note: expected 'UINT *' {aka 'unsigned int *'} but argument is of type 'int *'
 FRESULT f_read1 (FIL* fp, void* buff, UINT btr, UINT* br);   /* Read data from the file */
         ^~~~~~~
../src/cmd.c:3470:27: warning: unused variable 'h' [-Wunused-variable]
    int i=0,x=0,Status,ret,h=0,time=1;
                           ^
../src/cmd.c:3470:16: warning: unused variable 'Status' [-Wunused-variable]
    int i=0,x=0,Status,ret,h=0,time=1;
                ^~~~~~
../src/cmd.c:3470:12: warning: unused variable 'x' [-Wunused-variable]
    int i=0,x=0,Status,ret,h=0,time=1;
            ^
../src/cmd.c: In function 'run_cmd_d207':
../src/cmd.c:3619:37: warning: operation on 'i' may be undefined [-Wsequence-point]
         unicode_u16=(pMsg->MsgData[i++]|pMsg->MsgData[i++]<<8);
                                    ~^~
../src/cmd.c:3615:7: warning: unused variable 'file' [-Wunused-variable]
   FIL file;
       ^~~~
../src/cmd.c:3610:17: warning: unused variable 'ret' [-Wunused-variable]
      int temp=0,ret=0,i=0,x=0,h=0;
                 ^~~
../src/cmd.c: In function 'run_cmd_f201':
../src/cmd.c:3653:6: warning: implicit declaration of function 'cmd_reply_health_f201'; did you mean 'cmd_reply_a208'? [-Wimplicit-function-declaration]
  ret=cmd_reply_health_f201();
      ^~~~~~~~~~~~~~~~~~~~~
      cmd_reply_a208
../src/cmd.c: In function 'cmd_parse':
../src/cmd.c:175:1: warning: control reaches end of non-void function [-Wreturn-type]
 }
 ^
../src/cmd.c: In function 'delete_dir':
../src/cmd.c:408:27: warning: '%s' directive writing up to 255 bytes into a region of size 99 [-Wformat-overflow=]
      sprintf(FilePath,"%s/%s",path, fno.fname);
                           ^~        ~~~~~~~~~
../src/cmd.c:408:6: note: 'sprintf' output 2 or more bytes (assuming 257) into a destination of size 100
      sprintf(FilePath,"%s/%s",path, fno.fname);
      ^~~~~~~~~~~~~~~~~~~~~~~~~~~~~~~~~~~~~~~~~
'Finished building: ../src/cmd.c'
' '
'Building file: ../src/main.c'
'Invoking: MicroBlaze gcc compiler'
mb-gcc -Wall -O0 -g3 -c -fmessage-length=0 -MT"src/main.o" -I../../1236_bsp/microblaze_1/include -mlittle-endian -mxl-barrel-shift -mxl-pattern-compare -mno-xl-soft-div -mcpu=v11.0 -mno-xl-soft-mul -mxl-multiply-high -mhard-float -mxl-float-convert -mxl-float-sqrt -Wl,--no-relax -ffunction-sections -fdata-sections -MMD -MP -MF"src/main.d" -MT"src/main.o" -o "src/main.o" "../src/main.c"
In file included from ../src/cmd.h:4,
                 from ../src/main.c:39:
../../1236_bsp/microblaze_1/include/xbasic_types.h:120:2: warning: #warning The xbasics_type.h file is deprecated and users should use xil_types.h and xil_assert. [-Wcpp]
 #warning  The xbasics_type.h file is deprecated and users should use xil_types.h and xil_assert.
  ^~~~~~~
../../1236_bsp/microblaze_1/include/xbasic_types.h:121:2: warning: #warning Please refer the Standalone BSP UG647 for further details [-Wcpp]
 #warning  Please refer the Standalone BSP UG647 for further details
  ^~~~~~~
In file included from ../src/main.c:39:
../src/cmd.h:228:1: warning: multi-line comment [-Wcomment]
 //#define SW16(x) ((uint16_t)((((uint16_t)(x)&0x00ffU)<<8) | \
 ^
../src/main.c: In function 'main':
../src/main.c:69:3: warning: implicit declaration of function 'MsgQueryInit' [-Wimplicit-function-declaration]
   MsgQueryInit();
   ^~~~~~~~~~~~
../src/main.c:70:3: warning: implicit declaration of function 'SimpleDmaInit' [-Wimplicit-function-declaration]
   SimpleDmaInit();
   ^~~~~~~~~~~~~
../src/main.c:157:3: warning: implicit declaration of function 'GetMessage'; did you mean 'setstate'? [-Wimplicit-function-declaration]
   GetMessage(&CurMsg);
   ^~~~~~~~~~
   setstate
../src/main.c:181:12: warning: implicit declaration of function 'run_cmd_a202'; did you mean 'run_cmd_a201'? [-Wimplicit-function-declaration]
        ret=run_cmd_a202(&CurMsg);
            ^~~~~~~~~~~~
            run_cmd_a201
../src/main.c:193:12: warning: implicit declaration of function 'run_cmd_a204'; did you mean 'run_cmd_a201'? [-Wimplicit-function-declaration]
        ret=run_cmd_a204(&CurMsg);
            ^~~~~~~~~~~~
            run_cmd_a201
../src/main.c:207:12: warning: implicit declaration of function 'run_cmd_a205'; did you mean 'run_cmd_a201'? [-Wimplicit-function-declaration]
        ret=run_cmd_a205(&CurMsg);
            ^~~~~~~~~~~~
            run_cmd_a201
../src/main.c:226:10: warning: implicit declaration of function 'run_cmd_b201'; did you mean 'run_cmd_a201'? [-Wimplicit-function-declaration]
      ret=run_cmd_b201(&CurMsg);
          ^~~~~~~~~~~~
          run_cmd_a201
../src/main.c:243:12: warning: implicit declaration of function 'run_cmd_d201'; did you mean 'run_cmd_a201'? [-Wimplicit-function-declaration]
        ret=run_cmd_d201(&CurMsg);
            ^~~~~~~~~~~~
            run_cmd_a201
../src/main.c:257:12: warning: implicit declaration of function 'run_cmd_d202'; did you mean 'run_cmd_a201'? [-Wimplicit-function-declaration]
        ret=run_cmd_d202(&CurMsg);
            ^~~~~~~~~~~~
            run_cmd_a201
../src/main.c:271:12: warning: implicit declaration of function 'run_cmd_d203'; did you mean 'run_cmd_a201'? [-Wimplicit-function-declaration]
        ret=run_cmd_d203(&CurMsg);
            ^~~~~~~~~~~~
            run_cmd_a201
../src/main.c:284:12: warning: implicit declaration of function 'run_cmd_d204'; did you mean 'run_cmd_a201'? [-Wimplicit-function-declaration]
        ret=run_cmd_d204(&CurMsg);
            ^~~~~~~~~~~~
            run_cmd_a201
../src/main.c:317:10: warning: implicit declaration of function 'run_cmd_f201'; did you mean 'run_cmd_a201'? [-Wimplicit-function-declaration]
      ret=run_cmd_f201(&CurMsg);
          ^~~~~~~~~~~~
          run_cmd_a201
../src/main.c:65:21: warning: unused variable 'i' [-Wunused-variable]
   int ret,br=0,bw=0,i=0;
                     ^
../src/main.c:65:16: warning: unused variable 'bw' [-Wunused-variable]
   int ret,br=0,bw=0,i=0;
                ^~
../src/main.c:65:11: warning: unused variable 'br' [-Wunused-variable]
   int ret,br=0,bw=0,i=0;
           ^~
../src/main.c: In function 'write_data':
../src/main.c:354:20: warning: initialization of 'uint32_t' {aka 'long unsigned int'} from 'void *' makes integer from pointer without a cast [-Wint-conversion]
   uint32_t  buff = (void *)(0x80000000);
                    ^
../src/main.c:349:7: warning: unused variable 'file_cmd' [-Wunused-variable]
   u32 file_cmd=0;
       ^~~~~~~~
../src/main.c:348:21: warning: unused variable 'bw' [-Wunused-variable]
   uint32_t Status=0,bw=0;
                     ^~
../src/main.c:348:12: warning: unused variable 'Status' [-Wunused-variable]
   uint32_t Status=0,bw=0;
            ^~~~~~
../src/main.c:347:7: warning: unused variable 'k' [-Wunused-variable]
   int k=0;
       ^
../src/main.c:346:7: warning: unused variable 'unicode_u16' [-Wunused-variable]
   u16 unicode_u16=0;
       ^~~~~~~~~~~
../src/main.c:345:26: warning: unused variable 'h' [-Wunused-variable]
   uint32_t ret=0,i=0,x=0,h=0;
                          ^
../src/main.c:345:22: warning: unused variable 'x' [-Wunused-variable]
   uint32_t ret=0,i=0,x=0,h=0;
                      ^
../src/main.c:345:12: warning: unused variable 'ret' [-Wunused-variable]
   uint32_t ret=0,i=0,x=0,h=0;
            ^~~
../src/main.c: In function 'read_data':
../src/main.c:465:20: warning: initialization of 'uint32_t' {aka 'long unsigned int'} from 'void *' makes integer from pointer without a cast [-Wint-conversion]
   uint32_t  buff_r=(void *)(0x80000000);
                    ^
../src/main.c:470:8: warning: implicit declaration of function 'io_read3'; did you mean 'io_read2'? [-Wimplicit-function-declaration]
     if(io_read3(NHC_NUM, 0x1, buff_r, slba_r, len, 0x0) != 0x02)
        ^~~~~~~~
        io_read2
../src/main.c:461:7: warning: unused variable 'br' [-Wunused-variable]
   int br;
       ^~
../src/main.c:458:22: warning: unused variable 'h' [-Wunused-variable]
   int i=0,Status,ret,h=0;
                      ^
../src/main.c:458:11: warning: unused variable 'Status' [-Wunused-variable]
   int i=0,Status,ret,h=0;
           ^~~~~~
'Finished building: ../src/main.c'
' '
'Building file: ../src/mem_test.c'
'Invoking: MicroBlaze gcc compiler'
mb-gcc -Wall -O0 -g3 -c -fmessage-length=0 -MT"src/mem_test.o" -I../../1236_bsp/microblaze_1/include -mlittle-endian -mxl-barrel-shift -mxl-pattern-compare -mno-xl-soft-div -mcpu=v11.0 -mno-xl-soft-mul -mxl-multiply-high -mhard-float -mxl-float-convert -mxl-float-sqrt -Wl,--no-relax -ffunction-sections -fdata-sections -MMD -MP -MF"src/mem_test.d" -MT"src/mem_test.o" -o "src/mem_test.o" "../src/mem_test.c"
'Finished building: ../src/mem_test.c'
' '
'Building file: ../src/nhc_amba.c'
'Invoking: MicroBlaze gcc compiler'
mb-gcc -Wall -O0 -g3 -c -fmessage-length=0 -MT"src/nhc_amba.o" -I../../1236_bsp/microblaze_1/include -mlittle-endian -mxl-barrel-shift -mxl-pattern-compare -mno-xl-soft-div -mcpu=v11.0 -mno-xl-soft-mul -mxl-multiply-high -mhard-float -mxl-float-convert -mxl-float-sqrt -Wl,--no-relax -ffunction-sections -fdata-sections -MMD -MP -MF"src/nhc_amba.d" -MT"src/nhc_amba.o" -o "src/nhc_amba.o" "../src/nhc_amba.c"
../src/nhc_amba.c: In function 'io_write2':
../src/nhc_amba.c:852:18: warning: unused variable 'full_wr_cnt' [-Wunused-variable]
  static uint32_t full_wr_cnt = 0;
                  ^~~~~~~~~~~
../src/nhc_amba.c:851:13: warning: unused variable 'j' [-Wunused-variable]
  uint8_t  i,j;
             ^
../src/nhc_amba.c: In function 'io_write3':
../src/nhc_amba.c:949:18: warning: unused variable 'full_wr_cnt' [-Wunused-variable]
  static uint32_t full_wr_cnt = 0;
                  ^~~~~~~~~~~
../src/nhc_amba.c:948:13: warning: unused variable 'j' [-Wunused-variable]
  uint8_t  i,j;
             ^
../src/nhc_amba.c: In function 'io_read2':
../src/nhc_amba.c:1044:18: warning: unused variable 'full_rd_cnt' [-Wunused-variable]
  static uint32_t full_rd_cnt = 0;
                  ^~~~~~~~~~~
../src/nhc_amba.c:1043:13: warning: unused variable 'j' [-Wunused-variable]
  uint8_t  i,j;
             ^
../src/nhc_amba.c: In function 'io_read3':
../src/nhc_amba.c:1155:18: warning: unused variable 'full_rd_cnt' [-Wunused-variable]
  static uint32_t full_rd_cnt = 0;
                  ^~~~~~~~~~~
../src/nhc_amba.c:1154:6: warning: unused variable 'read_dataaddr' [-Wunused-variable]
  u32 read_dataaddr;
      ^~~~~~~~~~~~~
../src/nhc_amba.c:1153:13: warning: unused variable 'j' [-Wunused-variable]
  uint8_t  i,j;
             ^
../src/nhc_amba.c: In function 'io_read4':
../src/nhc_amba.c:1275:18: warning: unused variable 'full_rd_cnt' [-Wunused-variable]
  static uint32_t full_rd_cnt = 0;
                  ^~~~~~~~~~~
../src/nhc_amba.c:1274:13: warning: unused variable 'j' [-Wunused-variable]
  uint8_t  i,j;
             ^
../src/nhc_amba.c: In function 'send_axis_ack_1':
../src/nhc_amba.c:1565:2: warning: implicit declaration of function 'TxSend_1'; did you mean 'TxSend'? [-Wimplicit-function-declaration]
  TxSend_1(SourceBuffer,8);
  ^~~~~~~~
  TxSend
At top level:
../src/nhc_amba.c:1275:18: warning: 'full_rd_cnt' defined but not used [-Wunused-variable]
  static uint32_t full_rd_cnt = 0;
                  ^~~~~~~~~~~
../src/nhc_amba.c:1155:18: warning: 'full_rd_cnt' defined but not used [-Wunused-variable]
  static uint32_t full_rd_cnt = 0;
                  ^~~~~~~~~~~
../src/nhc_amba.c:1044:18: warning: 'full_rd_cnt' defined but not used [-Wunused-variable]
  static uint32_t full_rd_cnt = 0;
                  ^~~~~~~~~~~
../src/nhc_amba.c:949:18: warning: 'full_wr_cnt' defined but not used [-Wunused-variable]
  static uint32_t full_wr_cnt = 0;
                  ^~~~~~~~~~~
../src/nhc_amba.c:852:18: warning: 'full_wr_cnt' defined but not used [-Wunused-variable]
  static uint32_t full_wr_cnt = 0;
                  ^~~~~~~~~~~
'Finished building: ../src/nhc_amba.c'
' '
'Building file: ../src/platform.c'
'Invoking: MicroBlaze gcc compiler'
mb-gcc -Wall -O0 -g3 -c -fmessage-length=0 -MT"src/platform.o" -I../../1236_bsp/microblaze_1/include -mlittle-endian -mxl-barrel-shift -mxl-pattern-compare -mno-xl-soft-div -mcpu=v11.0 -mno-xl-soft-mul -mxl-multiply-high -mhard-float -mxl-float-convert -mxl-float-sqrt -Wl,--no-relax -ffunction-sections -fdata-sections -MMD -MP -MF"src/platform.d" -MT"src/platform.o" -o "src/platform.o" "../src/platform.c"
'Finished building: ../src/platform.c'
' '
'Building file: ../src/ring_buffer.c'
'Invoking: MicroBlaze gcc compiler'
mb-gcc -Wall -O0 -g3 -c -fmessage-length=0 -MT"src/ring_buffer.o" -I../../1236_bsp/microblaze_1/include -mlittle-endian -mxl-barrel-shift -mxl-pattern-compare -mno-xl-soft-div -mcpu=v11.0 -mno-xl-soft-mul -mxl-multiply-high -mhard-float -mxl-float-convert -mxl-float-sqrt -Wl,--no-relax -ffunction-sections -fdata-sections -MMD -MP -MF"src/ring_buffer.d" -MT"src/ring_buffer.o" -o "src/ring_buffer.o" "../src/ring_buffer.c"
../src/ring_buffer.c: In function 'RB_Write_Byte':
../src/ring_buffer.c:78:5: warning: this 'if' clause does not guard... [-Wmisleading-indentation]
     if(rb_handle->tail > (rb_handle->max_Length - 1))
     ^~
../src/ring_buffer.c:80:2: note: ...this statement, but the latter is misleadingly indented as if it were guarded by the 'if'
  return RING_BUFFER_SUCCESS ;
  ^~~~~~
'Finished building: ../src/ring_buffer.c'
' '
'Building file: ../src/simple_dma.c'
'Invoking: MicroBlaze gcc compiler'
mb-gcc -Wall -O0 -g3 -c -fmessage-length=0 -MT"src/simple_dma.o" -I../../1236_bsp/microblaze_1/include -mlittle-endian -mxl-barrel-shift -mxl-pattern-compare -mno-xl-soft-div -mcpu=v11.0 -mno-xl-soft-mul -mxl-multiply-high -mhard-float -mxl-float-convert -mxl-float-sqrt -Wl,--no-relax -ffunction-sections -fdata-sections -MMD -MP -MF"src/simple_dma.d" -MT"src/simple_dma.o" -o "src/simple_dma.o" "../src/simple_dma.c"
In file included from ../src/cmd.h:4,
                 from ../src/simple_dma.c:1:
../../1236_bsp/microblaze_1/include/xbasic_types.h:120:2: warning: #warning The xbasics_type.h file is deprecated and users should use xil_types.h and xil_assert. [-Wcpp]
 #warning  The xbasics_type.h file is deprecated and users should use xil_types.h and xil_assert.
  ^~~~~~~
../../1236_bsp/microblaze_1/include/xbasic_types.h:121:2: warning: #warning Please refer the Standalone BSP UG647 for further details [-Wcpp]
 #warning  Please refer the Standalone BSP UG647 for further details
  ^~~~~~~
In file included from ../src/simple_dma.c:1:
../src/cmd.h:228:1: warning: multi-line comment [-Wcomment]
 //#define SW16(x) ((uint16_t)((((uint16_t)(x)&0x00ffU)<<8) | \
 ^
../src/simple_dma.c: In function 'RxIntrHandler':
../src/simple_dma.c:245:2: warning: implicit declaration of function 'cmd_parse' [-Wimplicit-function-declaration]
  cmd_parse();//parse recv cmd from uper   //wfeng
  ^~~~~~~~~
In file included from ../src/cmd.h:10,
                 from ../src/simple_dma.c:1:
../../1236_bsp/microblaze_1/include/xstatus.h:61:41: warning: 'return' with a value, in function returning void
 #define XST_FAILURE                     1L
                                         ^~
../src/simple_dma.c:253:10: note: in expansion of macro 'XST_FAILURE'
   return XST_FAILURE;
          ^~~~~~~~~~~
../src/simple_dma.c:192:6: note: declared here
 void RxIntrHandler(void *Callback)
      ^~~~~~~~~~~~~
'Finished building: ../src/simple_dma.c'
' '
'Building file: ../src/xllfifo_polling_example.c'
'Invoking: MicroBlaze gcc compiler'
mb-gcc -Wall -O0 -g3 -c -fmessage-length=0 -MT"src/xllfifo_polling_example.o" -I../../1236_bsp/microblaze_1/include -mlittle-endian -mxl-barrel-shift -mxl-pattern-compare -mno-xl-soft-div -mcpu=v11.0 -mno-xl-soft-mul -mxl-multiply-high -mhard-float -mxl-float-convert -mxl-float-sqrt -Wl,--no-relax -ffunction-sections -fdata-sections -MMD -MP -MF"src/xllfifo_polling_example.d" -MT"src/xllfifo_polling_example.o" -o "src/xllfifo_polling_example.o" "../src/xllfifo_polling_example.c"
'Finished building: ../src/xllfifo_polling_example.c'
' '
'Building target: 1236.elf'
'Invoking: MicroBlaze gcc linker'
mb-gcc -Wl,-T -Wl,../src/lscript.ld -L../../1236_bsp/microblaze_1/lib -mlittle-endian -mxl-barrel-shift -mxl-pattern-compare -mno-xl-soft-div -mcpu=v11.0 -mno-xl-soft-mul -mxl-multiply-high -mhard-float -mxl-float-convert -mxl-float-sqrt -Wl,--no-relax -Wl,--gc-sections -o "1236.elf"  ./src/fat/diskio.o ./src/fat/ff.o ./src/fat/ffsystem.o ./src/fat/ffunicode.o  ./src/FIFO.o ./src/alloc.o ./src/cmd.o ./src/main.o ./src/mem_test.o ./src/nhc_amba.o ./src/platform.o ./src/ring_buffer.o ./src/simple_dma.o ./src/xllfifo_polling_example.o   -Wl,--start-group,-lxil,-lgcc,-lc,--end-group
'Finished building target: 1236.elf'
' '
'Invoking: MicroBlaze Print Size'
mb-size 1236.elf  |tee "1236.elf.size"
   text	   data	    bss	    dec	    hex	filename
 395620	   1860	14826880	15224360	 e84e28	1236.elf
'Finished building: 1236.elf.size'
' '

11:16:47 Build Finished (took 3s.224ms)

